Archive member included to satisfy reference by file (symbol)

c:/dev/arm/toolchains/gcc-arm-none-eabi-4_9-141220/bin/../lib/gcc/arm-none-eabi/4.9.3/../../../../arm-none-eabi/lib/armv7e-m/fpu\libg.a(lib_a-exit.o)
                              c:/dev/arm/toolchains/gcc-arm-none-eabi-4_9-141220/bin/../lib/gcc/arm-none-eabi/4.9.3/../../../../arm-none-eabi/lib/armv7e-m/fpu/crt0.o (exit)
c:/dev/arm/toolchains/gcc-arm-none-eabi-4_9-141220/bin/../lib/gcc/arm-none-eabi/4.9.3/../../../../arm-none-eabi/lib/armv7e-m/fpu\libg.a(lib_a-impure.o)
                              c:/dev/arm/toolchains/gcc-arm-none-eabi-4_9-141220/bin/../lib/gcc/arm-none-eabi/4.9.3/../../../../arm-none-eabi/lib/armv7e-m/fpu\libg.a(lib_a-exit.o) (_global_impure_ptr)
c:/dev/arm/toolchains/gcc-arm-none-eabi-4_9-141220/bin/../lib/gcc/arm-none-eabi/4.9.3/../../../../arm-none-eabi/lib/armv7e-m/fpu\libg.a(lib_a-init.o)
                              c:/dev/arm/toolchains/gcc-arm-none-eabi-4_9-141220/bin/../lib/gcc/arm-none-eabi/4.9.3/../../../../arm-none-eabi/lib/armv7e-m/fpu/crt0.o (__libc_init_array)
c:/dev/arm/toolchains/gcc-arm-none-eabi-4_9-141220/bin/../lib/gcc/arm-none-eabi/4.9.3/../../../../arm-none-eabi/lib/armv7e-m/fpu\libg.a(lib_a-memcmp.o)
                              obj/tasks.o (memcmp)
c:/dev/arm/toolchains/gcc-arm-none-eabi-4_9-141220/bin/../lib/gcc/arm-none-eabi/4.9.3/../../../../arm-none-eabi/lib/armv7e-m/fpu\libg.a(lib_a-memcpy.o)
                              obj/queue.o (memcpy)
c:/dev/arm/toolchains/gcc-arm-none-eabi-4_9-141220/bin/../lib/gcc/arm-none-eabi/4.9.3/../../../../arm-none-eabi/lib/armv7e-m/fpu\libg.a(lib_a-memset.o)
                              c:/dev/arm/toolchains/gcc-arm-none-eabi-4_9-141220/bin/../lib/gcc/arm-none-eabi/4.9.3/../../../../arm-none-eabi/lib/armv7e-m/fpu/crt0.o (memset)
c:/dev/arm/toolchains/gcc-arm-none-eabi-4_9-141220/bin/../lib/gcc/arm-none-eabi/4.9.3/../../../../arm-none-eabi/lib/armv7e-m/fpu\libg.a(lib_a-reent.o)
                              obj/syscalls.o (errno)
c:/dev/arm/toolchains/gcc-arm-none-eabi-4_9-141220/bin/../lib/gcc/arm-none-eabi/4.9.3/../../../../arm-none-eabi/lib/armv7e-m/fpu\libg.a(lib_a-__call_atexit.o)
                              c:/dev/arm/toolchains/gcc-arm-none-eabi-4_9-141220/bin/../lib/gcc/arm-none-eabi/4.9.3/../../../../arm-none-eabi/lib/armv7e-m/fpu\libg.a(lib_a-exit.o) (__call_exitprocs)
c:/dev/arm/toolchains/gcc-arm-none-eabi-4_9-141220/bin/../lib/gcc/arm-none-eabi/4.9.3/../../../../arm-none-eabi/lib/armv7e-m/fpu\libg.a(lib_a-freer.o)
                              c:/dev/arm/toolchains/gcc-arm-none-eabi-4_9-141220/bin/../lib/gcc/arm-none-eabi/4.9.3/../../../../arm-none-eabi/lib/armv7e-m/fpu\libg.a(lib_a-reent.o) (_free_r)
c:/dev/arm/toolchains/gcc-arm-none-eabi-4_9-141220/bin/../lib/gcc/arm-none-eabi/4.9.3/../../../../arm-none-eabi/lib/armv7e-m/fpu\libg.a(lib_a-mallocr.o)
                              c:/dev/arm/toolchains/gcc-arm-none-eabi-4_9-141220/bin/../lib/gcc/arm-none-eabi/4.9.3/../../../../arm-none-eabi/lib/armv7e-m/fpu\libg.a(lib_a-freer.o) (__malloc_current_mallinfo)

Allocating common symbols
Common symbol       size              file

errno               0x4               c:/dev/arm/toolchains/gcc-arm-none-eabi-4_9-141220/bin/../lib/gcc/arm-none-eabi/4.9.3/../../../../arm-none-eabi/lib/armv7e-m/fpu\libg.a(lib_a-reent.o)

Discarded input sections

 .text          0x00000000        0x0 c:/dev/arm/toolchains/gcc-arm-none-eabi-4_9-141220/bin/../lib/gcc/arm-none-eabi/4.9.3/armv7e-m/fpu/crti.o
 .data          0x00000000        0x0 c:/dev/arm/toolchains/gcc-arm-none-eabi-4_9-141220/bin/../lib/gcc/arm-none-eabi/4.9.3/armv7e-m/fpu/crti.o
 .bss           0x00000000        0x0 c:/dev/arm/toolchains/gcc-arm-none-eabi-4_9-141220/bin/../lib/gcc/arm-none-eabi/4.9.3/armv7e-m/fpu/crti.o
 .data          0x00000000        0x4 c:/dev/arm/toolchains/gcc-arm-none-eabi-4_9-141220/bin/../lib/gcc/arm-none-eabi/4.9.3/armv7e-m/fpu/crtbegin.o
 .text          0x00000000       0x74 c:/dev/arm/toolchains/gcc-arm-none-eabi-4_9-141220/bin/../lib/gcc/arm-none-eabi/4.9.3/../../../../arm-none-eabi/lib/armv7e-m/fpu/crt0.o
 .data          0x00000000        0x0 c:/dev/arm/toolchains/gcc-arm-none-eabi-4_9-141220/bin/../lib/gcc/arm-none-eabi/4.9.3/../../../../arm-none-eabi/lib/armv7e-m/fpu/crt0.o
 .bss           0x00000000        0x0 c:/dev/arm/toolchains/gcc-arm-none-eabi-4_9-141220/bin/../lib/gcc/arm-none-eabi/4.9.3/../../../../arm-none-eabi/lib/armv7e-m/fpu/crt0.o
 .ARM.extab     0x00000000        0x0 c:/dev/arm/toolchains/gcc-arm-none-eabi-4_9-141220/bin/../lib/gcc/arm-none-eabi/4.9.3/../../../../arm-none-eabi/lib/armv7e-m/fpu/crt0.o
 .ARM.exidx     0x00000000        0x8 c:/dev/arm/toolchains/gcc-arm-none-eabi-4_9-141220/bin/../lib/gcc/arm-none-eabi/4.9.3/../../../../arm-none-eabi/lib/armv7e-m/fpu/crt0.o
 .data          0x00000000        0x0 obj/startup.o
 .bss           0x00000000        0x0 obj/startup.o
 .group         0x00000000        0x8 obj/core_init.o
[...]
Memory Configuration

Name             Origin             Length             Attributes
rom              0x08000000         0x00080000         xr
ram              0x20000000         0x0001c000         xrw
aux_ram          0x2001c000         0x00004000         xrw
ccm_ram          0x10000000         0x00010000         xrw
bkp_ram          0x40024000         0x00001000         xrw
*default*        0x00000000         0xffffffff

Linker script and memory map

LOAD c:/dev/arm/toolchains/gcc-arm-none-eabi-4_9-141220/bin/../lib/gcc/arm-none-eabi/4.9.3/armv7e-m/fpu/crti.o
LOAD c:/dev/arm/toolchains/gcc-arm-none-eabi-4_9-141220/bin/../lib/gcc/arm-none-eabi/4.9.3/armv7e-m/fpu/crtbegin.o
LOAD c:/dev/arm/toolchains/gcc-arm-none-eabi-4_9-141220/bin/../lib/gcc/arm-none-eabi/4.9.3/../../../../arm-none-eabi/lib/armv7e-m/fpu/crt0.o
LOAD obj/startup.o
LOAD obj/core_init.o
LOAD obj/gpio_f4.o
LOAD obj/i2c_master.o
LOAD obj/hardfault.o
LOAD obj/vectors.o
LOAD obj/usart.o
LOAD obj/hmc5883l.o
LOAD obj/malloc_lock.o
LOAD obj/syscalls.o
LOAD obj/croutine.o
LOAD obj/heap_4.o
LOAD obj/hooks.o
LOAD obj/list.o
LOAD obj/port.o
LOAD obj/queue.o
LOAD obj/rtos_timers.o
LOAD obj/tasks.o
LOAD obj/main.o
START GROUP
LOAD c:/dev/arm/toolchains/gcc-arm-none-eabi-4_9-141220/bin/../lib/gcc/arm-none-eabi/4.9.3/armv7e-m/fpu\libgcc.a
LOAD c:/dev/arm/toolchains/gcc-arm-none-eabi-4_9-141220/bin/../lib/gcc/arm-none-eabi/4.9.3/../../../../arm-none-eabi/lib/armv7e-m/fpu\libg.a
LOAD c:/dev/arm/toolchains/gcc-arm-none-eabi-4_9-141220/bin/../lib/gcc/arm-none-eabi/4.9.3/../../../../arm-none-eabi/lib/armv7e-m/fpu\libc.a
END GROUP
LOAD c:/dev/arm/toolchains/gcc-arm-none-eabi-4_9-141220/bin/../lib/gcc/arm-none-eabi/4.9.3/armv7e-m/fpu/crtend.o
LOAD c:/dev/arm/toolchains/gcc-arm-none-eabi-4_9-141220/bin/../lib/gcc/arm-none-eabi/4.9.3/armv7e-m/fpu/crtn.o
                0x2001c000                _eram = (ORIGIN (ram) + 0x1c000)
                0x08000000                __rom_start = ORIGIN (rom)
                0x00080000                __rom_size = 0x80000
                0x08080000                __rom_end = (__rom_start + __rom_size)
                0x20000000                __ram_start = ORIGIN (ram)
                0x0001c000                __ram_size = 0x1c000
                0x2001c000                __ram_end = (__ram_start + __ram_size)
                0x2001c000                __aux_ram_start = ORIGIN (aux_ram)
                0x00004000                __aux_ram_size = 0x4000
                0x20020000                __aux_ram_end = (__aux_ram_start + __aux_ram_size)
                0x10000000                __ccm_ram_start = ORIGIN (ccm_ram)
                0x00010000                __ccm_ram_size = 0x10000
                0x10010000                __ccm_ram_end = (__ccm_ram_start + __ccm_ram_size)
                0x40024000                __bkp_ram_start = ORIGIN (bkp_ram)
                0x00001000                __bkp_ram_size = 0x1000
                0x40025000                __bkp_ram_end = (__bkp_ram_start + __bkp_ram_size)
                [0x08000000]                PROVIDE (__rom_start, __rom_start)
                [0x00080000]                PROVIDE (__rom_size, __rom_size)
                [0x08080000]                PROVIDE (__rom_end, __rom_end)
                [0x20000000]                PROVIDE (__ram_start, __ram_start)
                [0x0001c000]                PROVIDE (__ram_size, __ram_size)
                [0x2001c000]                PROVIDE (__ram_end, __ram_end)
                [0x2001c000]                PROVIDE (__aux_ram_start, __aux_ram_start)
                [0x00004000]                PROVIDE (__aux_ram_size, __aux_ram_size)
                [0x20020000]                PROVIDE (__aux_ram_end, __aux_ram_end)
                [0x10000000]                PROVIDE (__ccm_ram_start, __ccm_ram_start)
                [0x00010000]                PROVIDE (__ccm_ram_size, __ccm_ram_size)
                [0x10010000]                PROVIDE (__ccm_ram_end, __ccm_ram_end)
                [0x40024000]                PROVIDE (__bkp_ram_start, __bkp_ram_start)
                [0x00001000]                PROVIDE (__bkp_ram_size, __bkp_ram_size)
                [0x40025000]                PROVIDE (__bkp_ram_end, __bkp_ram_end)
                0x00000200                __main_stack_size = 0x200
                0x00000000                __process_stack_size = 0x0
                [0x00000200]                PROVIDE (__main_stack_size, __main_stack_size)
                [0x00000000]                PROVIDE (__process_stack_size, __process_stack_size)

.text           0x08000000     0x177c
                0x08000000                . = ALIGN (0x4)
                0x08000000                __text_start = .
                [0x08000000]                PROVIDE (__text_start, __text_start)
                0x08000000                . = ALIGN (0x4)
 *(.vectors)
 .vectors       0x08000000      0x188 obj/vectors.o
                0x08000000                vectors
                0x08000188                . = ALIGN (0x4)
 *(.text .text.* .gnu.linkonce.t.*)
 .text          0x08000188       0x5c c:/dev/arm/toolchains/gcc-arm-none-eabi-4_9-141220/bin/../lib/gcc/arm-none-eabi/4.9.3/armv7e-m/fpu/crtbegin.o
 .text          0x080001e4       0x84 obj/startup.o
                0x080001e4                Reset_Handler
                0x08000236                low_level_init_1
                0x08000236                low_level_init_0
                0x08000236                __default_low_level_init
 .text.core_init
                0x08000268       0x8c obj/core_init.o
                0x08000268                core_init
 .text.gpio_mode_config
                0x080002f4       0x40 obj/gpio_f4.o
                0x080002f4                gpio_mode_config
 .text.gpio_speed_config
                0x08000334       0x40 obj/gpio_f4.o
                0x08000334                gpio_speed_config
 .text.gpio_af_config
                0x08000374       0x78 obj/gpio_f4.o
                0x08000374                gpio_af_config
 .text.NVIC_SystemReset
                0x080003ec       0x28 obj/hardfault.o
 .text.HardFault_Handler
                0x08000414       0x18 obj/hardfault.o
                0x08000414                HardFault_Handler
 .text.HardFault_HandlerC
                0x0800042c       0x80 obj/hardfault.o
                0x0800042c                HardFault_HandlerC
 .text.__Default_Handler
                0x080004ac       0x10 obj/vectors.o
                0x080004ac                RTC_Alarm_IRQHandler
                0x080004ac                HASH_RNG_IRQHandler
                0x080004ac                EXTI2_IRQHandler
                0x080004ac                TIM8_CC_IRQHandler
                0x080004ac                DebugMon_Handler
                0x080004ac                TIM1_CC_IRQHandler
                0x080004ac                DMA2_Stream5_IRQHandler
                0x080004ac                DMA1_Stream5_IRQHandler
                0x080004ac                PVD_IRQHandler
                0x080004ac                SDIO_IRQHandler
                0x080004ac                TAMP_STAMP_IRQHandler
                0x080004ac                __Reserved_0x1C_Handler
                0x080004ac                NMI_Handler
                0x080004ac                CAN2_RX1_IRQHandler
                0x080004ac                EXTI3_IRQHandler
                0x080004ac                TIM8_TRG_COM_TIM14_IRQHandler
                0x080004ac                TIM1_UP_TIM10_IRQHandler
                0x080004ac                TIM8_UP_TIM13_IRQHandler
                0x080004ac                I2C3_ER_IRQHandler
                0x080004ac                __Reserved_0x20_Handler
                0x080004ac                EXTI0_IRQHandler
                0x080004ac                I2C2_EV_IRQHandler
                0x080004ac                DMA1_Stream2_IRQHandler
                0x080004ac                CAN1_RX0_IRQHandler
                0x080004ac                FPU_IRQHandler
                0x080004ac                OTG_HS_WKUP_IRQHandler
                0x080004ac                UsageFault_Handler
                0x080004ac                CAN2_SCE_IRQHandler
                0x080004ac                DMA2_Stream2_IRQHandler
                0x080004ac                SPI1_IRQHandler
                0x080004ac                TIM6_DAC_IRQHandler
                0x080004ac                TIM1_BRK_TIM9_IRQHandler
                0x080004ac                DCMI_IRQHandler
                0x080004ac                CAN2_RX0_IRQHandler
                0x080004ac                DMA2_Stream3_IRQHandler
                0x080004ac                USART6_IRQHandler
                0x080004ac                USART3_IRQHandler
                0x080004ac                CRYP_IRQHandler
                0x080004ac                CAN1_RX1_IRQHandler
                0x080004ac                UART5_IRQHandler
                0x080004ac                DMA2_Stream0_IRQHandler
                0x080004ac                TIM4_IRQHandler
                0x080004ac                __Reserved_0x34_Handler
                0x080004ac                I2C1_EV_IRQHandler
                0x080004ac                DMA1_Stream6_IRQHandler
                0x080004ac                DMA1_Stream1_IRQHandler
                0x080004ac                UART4_IRQHandler
                0x080004ac                TIM3_IRQHandler
                0x080004ac                RCC_IRQHandler
                0x080004ac                TIM8_BRK_TIM12_IRQHandler
                0x080004ac                EXTI15_10_IRQHandler
                0x080004ac                ADC_IRQHandler
                0x080004ac                DMA1_Stream7_IRQHandler
                0x080004ac                TIM7_IRQHandler
                0x080004ac                CAN2_TX_IRQHandler
                0x080004ac                TIM5_IRQHandler
                0x080004ac                DMA2_Stream7_IRQHandler
                0x080004ac                I2C3_EV_IRQHandler
                0x080004ac                __Reserved_0x28_Handler
                0x080004ac                EXTI9_5_IRQHandler
                0x080004ac                RTC_WKUP_IRQHandler
                0x080004ac                ETH_WKUP_IRQHandler
                0x080004ac                SPI2_IRQHandler
                0x080004ac                OTG_HS_EP1_IN_IRQHandler
                0x080004ac                MemManage_Handler
                0x080004ac                DMA1_Stream0_IRQHandler
                0x080004ac                __Reserved_0x24_Handler
                0x080004ac                CAN1_TX_IRQHandler
                0x080004ac                EXTI4_IRQHandler
                0x080004ac                FSMC_IRQHandler
                0x080004ac                ETH_IRQHandler
                0x080004ac                OTG_HS_EP1_OUT_IRQHandler
                0x080004ac                WWDG_IRQHandler
                0x080004ac                TIM2_IRQHandler
                0x080004ac                OTG_FS_WKUP_IRQHandler
                0x080004ac                TIM1_TRG_COM_TIM11_IRQHandler
                0x080004ac                OTG_HS_IRQHandler
                0x080004ac                EXTI1_IRQHandler
                0x080004ac                I2C2_ER_IRQHandler
                0x080004ac                DMA2_Stream1_IRQHandler
                0x080004ac                CAN1_SCE_IRQHandler
                0x080004ac                FLASH_IRQHandler
                0x080004ac                DMA2_Stream4_IRQHandler
                0x080004ac                BusFault_Handler
                0x080004ac                USART1_IRQHandler
                0x080004ac                OTG_FS_IRQHandler
                0x080004ac                SPI3_IRQHandler
                0x080004ac                DMA1_Stream4_IRQHandler
                0x080004ac                I2C1_ER_IRQHandler
                0x080004ac                DMA2_Stream6_IRQHandler
                0x080004ac                DMA1_Stream3_IRQHandler
 .text.NVIC_EnableIRQ
                0x080004bc       0x30 obj/usart.o
 .text.usart_init
                0x080004ec       0x6c obj/usart.o
                0x080004ec                usart_init
 .text.USART2_IRQHandler
                0x08000558       0x80 obj/usart.o
                0x08000558                USART2_IRQHandler
 .text.pvPortMalloc
                0x080005d8      0x11c obj/heap_4.o
                0x080005d8                pvPortMalloc
 .text.vPortFree
                0x080006f4       0x94 obj/heap_4.o
                0x080006f4                vPortFree
 .text.xPortGetFreeHeapSize
                0x08000788       0x18 obj/heap_4.o
                0x08000788                xPortGetFreeHeapSize
 .text.prvHeapInit
                0x080007a0       0x9c obj/heap_4.o
 .text.prvInsertBlockIntoFreeList
                0x0800083c       0xb0 obj/heap_4.o
 .text.vApplicationMallocFailedHook
                0x080008ec        0x8 obj/hooks.o
                0x080008ec                vApplicationMallocFailedHook
 .text.vApplicationStackOverflowHook
                0x080008f4        0xc obj/hooks.o
                0x080008f4                vApplicationStackOverflowHook
 .text.vApplicationIdleHook
                0x08000900       0x14 obj/hooks.o
                0x08000900                vApplicationIdleHook
 .text.vListInitialise
                0x08000914       0x40 obj/list.o
                0x08000914                vListInitialise
 .text.vListInitialiseItem
                0x08000954       0x18 obj/list.o
                0x08000954                vListInitialiseItem
 .text.vListInsertEnd
                0x0800096c       0x48 obj/list.o
                0x0800096c                vListInsertEnd
 .text.uxListRemove
                0x080009b4       0x54 obj/list.o
                0x080009b4                uxListRemove
 .text.pxPortInitialiseStack
                0x08000a08       0x54 obj/port.o
                0x08000a08                pxPortInitialiseStack
 .text.SVC_Handler
                0x08000a5c       0x20 obj/port.o
                0x08000a5c                SVC_Handler
 .text.prvPortStartFirstTask
                0x08000a7c       0x14 obj/port.o
 .text.xPortStartScheduler
                0x08000a90       0xb8 obj/port.o
                0x08000a90                xPortStartScheduler
 .text.vPortYield
                0x08000b48       0x20 obj/port.o
                0x08000b48                vPortYield
 .text.vPortEnterCritical
                0x08000b68       0x20 obj/port.o
                0x08000b68                vPortEnterCritical
 .text.vPortExitCritical
                0x08000b88       0x24 obj/port.o
                0x08000b88                vPortExitCritical
 .text.ulPortSetInterruptMask
                0x08000bac       0x14 obj/port.o
                0x08000bac                ulPortSetInterruptMask
 .text.vPortClearInterruptMask
                0x08000bc0        0x8 obj/port.o
                0x08000bc0                vPortClearInterruptMask
 .text.PendSV_Handler
                0x08000bc8       0x3c obj/port.o
                0x08000bc8                PendSV_Handler
 .text.SysTick_Handler
                0x08000c04       0x28 obj/port.o
                0x08000c04                SysTick_Handler
 .text.vPortSetupTimerInterrupt
                0x08000c2c       0x24 obj/port.o
                0x08000c2c                vPortSetupTimerInterrupt
 .text.xTaskGenericCreate
                0x08000c50      0x160 obj/tasks.o
                0x08000c50                xTaskGenericCreate
 .text.vTaskStartScheduler
                0x08000db0       0x64 obj/tasks.o
                0x08000db0                vTaskStartScheduler
 .text.vTaskSuspendAll
                0x08000e14       0x1c obj/tasks.o
                0x08000e14                vTaskSuspendAll
 .text.xTaskResumeAll
                0x08000e30      0x118 obj/tasks.o
                0x08000e30                xTaskResumeAll
 .text.xTaskIncrementTick
                0x08000f48      0x18c obj/tasks.o
                0x08000f48                xTaskIncrementTick
 .text.vTaskSwitchContext
                0x080010d4       0xec obj/tasks.o
                0x080010d4                vTaskSwitchContext
 .text.prvIdleTask
                0x080011c0       0x14 obj/tasks.o
 .text.prvInitialiseTCBVariables
                0x080011d4       0x90 obj/tasks.o
 .text.prvInitialiseTaskLists
                0x08001264       0x7c obj/tasks.o
 .text.prvCheckTasksWaitingTermination
                0x080012e0       0x74 obj/tasks.o
 .text.prvAllocateTCBAndStack
                0x08001354       0x64 obj/tasks.o
 .text.prvDeleteTCB
                0x080013b8       0x20 obj/tasks.o
 .text.LCD_WriteByte
                0x080013d8       0x38 obj/main.o
                0x080013d8                LCD_WriteByte
 .text.LCD_Write_COM
                0x08001410       0x34 obj/main.o
                0x08001410                LCD_Write_COM
 .text.LCD_Write_DATA
                0x08001444       0x3c obj/main.o
                0x08001444                LCD_Write_DATA
 .text.spi_init
                0x08001480       0xcc obj/main.o
                0x08001480                spi_init
 .text.lcd_task
                0x0800154c       0xb4 obj/main.o
                0x0800154c                lcd_task
 .text.main     0x08001600       0x3c obj/main.o
                0x08001600                main
 .text.memcmp   0x0800163c       0x64 c:/dev/arm/toolchains/gcc-arm-none-eabi-4_9-141220/bin/../lib/gcc/arm-none-eabi/4.9.3/../../../../arm-none-eabi/lib/armv7e-m/fpu\libg.a(lib_a-memcmp.o)
                0x0800163c                memcmp
 .text.memset   0x080016a0       0x9c c:/dev/arm/toolchains/gcc-arm-none-eabi-4_9-141220/bin/../lib/gcc/arm-none-eabi/4.9.3/../../../../arm-none-eabi/lib/armv7e-m/fpu\libg.a(lib_a-memset.o)
                0x080016a0                memset
                0x0800173c                . = ALIGN (0x4)
 *(.glue_7t .glue_7)
 .glue_7        0x0800173c        0x0 linker stubs
 .glue_7t       0x0800173c        0x0 linker stubs
                0x0800173c                . = ALIGN (0x4)
 *(.rodata .rodata.* .gnu.linkonce.r.*)
 .rodata        0x0800173c        0x8 obj/tasks.o
 .rodata.ucExpectedStackBytes.4893
                0x08001744       0x14 obj/tasks.o
 .rodata        0x08001758        0x4 obj/main.o
                0x0800175c                . = ALIGN (0x4)
 *(.ARM.extab* .gnu.linkonce.armextab.*)
                0x0800175c                . = ALIGN (0x4)
 *(.gcc_except_table)
                0x0800175c                . = ALIGN (0x4)
 *(.eh_frame_hdr)
                0x0800175c                . = ALIGN (0x4)
 *(.eh_frame)
 .eh_frame      0x0800175c        0x0 c:/dev/arm/toolchains/gcc-arm-none-eabi-4_9-141220/bin/../lib/gcc/arm-none-eabi/4.9.3/armv7e-m/fpu/crtbegin.o
                0x0800175c                . = ALIGN (0x4)
 *(.init)
 .init          0x0800175c        0x4 c:/dev/arm/toolchains/gcc-arm-none-eabi-4_9-141220/bin/../lib/gcc/arm-none-eabi/4.9.3/armv7e-m/fpu/crti.o
                0x0800175c                _init
 .init          0x08001760        0x8 c:/dev/arm/toolchains/gcc-arm-none-eabi-4_9-141220/bin/../lib/gcc/arm-none-eabi/4.9.3/armv7e-m/fpu/crtn.o
                0x08001768                . = ALIGN (0x4)
                0x08001768                __preinit_array_start = .
 *(.preinit_array)
                0x08001768                . = ALIGN (0x4)
                0x08001768                __preinit_array_end = .
                0x08001768                __init_array_start = .
 *(SORT(.init_array.*))
                0x08001768                . = ALIGN (0x4)
 *(.init_array)
 .init_array    0x08001768        0x4 c:/dev/arm/toolchains/gcc-arm-none-eabi-4_9-141220/bin/../lib/gcc/arm-none-eabi/4.9.3/armv7e-m/fpu/crtbegin.o
                0x0800176c                . = ALIGN (0x4)
                0x0800176c                __init_array_end = .
 *(.fini)
 .fini          0x0800176c        0x4 c:/dev/arm/toolchains/gcc-arm-none-eabi-4_9-141220/bin/../lib/gcc/arm-none-eabi/4.9.3/armv7e-m/fpu/crti.o
                0x0800176c                _fini
 .fini          0x08001770        0x8 c:/dev/arm/toolchains/gcc-arm-none-eabi-4_9-141220/bin/../lib/gcc/arm-none-eabi/4.9.3/armv7e-m/fpu/crtn.o
                0x08001778                . = ALIGN (0x4)
                0x08001778                __fini_array_start = .
 *(.fini_array)
 .fini_array    0x08001778        0x4 c:/dev/arm/toolchains/gcc-arm-none-eabi-4_9-141220/bin/../lib/gcc/arm-none-eabi/4.9.3/armv7e-m/fpu/crtbegin.o
                0x0800177c                . = ALIGN (0x4)
 *(SORT(.fini_array.*))
                0x0800177c                . = ALIGN (0x4)
                0x0800177c                __fini_array_end = .
                0x0800177c                . = ALIGN (0x4)
                0x0800177c                __text_end = .
                [0x0800177c]                PROVIDE (__text_end, __text_end)

.vfp11_veneer   0x0800177c        0x0
 .vfp11_veneer  0x0800177c        0x0 linker stubs

.v4_bx          0x0800177c        0x0
 .v4_bx         0x0800177c        0x0 linker stubs

.iplt           0x0800177c        0x0
 .iplt          0x0800177c        0x0 c:/dev/arm/toolchains/gcc-arm-none-eabi-4_9-141220/bin/../lib/gcc/arm-none-eabi/4.9.3/armv7e-m/fpu/crtbegin.o

.rel.dyn        0x0800177c        0x0
 .rel.iplt      0x0800177c        0x0 c:/dev/arm/toolchains/gcc-arm-none-eabi-4_9-141220/bin/../lib/gcc/arm-none-eabi/4.9.3/armv7e-m/fpu/crtbegin.o
                0x0800177c                . = ALIGN (0x4)
                0x0800177c                __exidx_start = .
                [0x0800177c]                PROVIDE (__exidx_start, __exidx_start)

.ARM.exidx
 *(.ARM.exidx* .gnu.linkonce.armexidx.*)
                0x0800177c                . = ALIGN (0x4)
                0x0800177c                __exidx_end = .
                [0x0800177c]                PROVIDE (__exidx_end, __exidx_end)

.stack          0x20000000      0x200
                0x20000000                . = ALIGN (0x8)
                0x20000000                __stack_start = .
                [0x20000000]                PROVIDE (__stack_start, __stack_start)
                0x20000000                . = ALIGN (0x8)
                0x20000000                __main_stack_start = .
                [0x20000000]                PROVIDE (__main_stack_start, __main_stack_start)
                0x20000200                . = (. + __main_stack_size)
 *fill*         0x20000000      0x200 
                0x20000200                . = ALIGN (0x8)
                0x20000200                __main_stack_end = .
                [0x20000200]                PROVIDE (__main_stack_end, __main_stack_end)
                0x20000200                . = ALIGN (0x8)
                0x20000200                __process_stack_start = .
                [0x20000200]                PROVIDE (__process_stack_start, __process_stack_start)
                0x20000200                . = (. + __process_stack_size)
                0x20000200                . = ALIGN (0x8)
                0x20000200                __process_stack_end = .
                [0x20000200]                PROVIDE (__process_stack_end, __process_stack_end)
                0x20000200                . = ALIGN (0x8)
                0x20000200                __stack_end = .
                [0x20000200]                PROVIDE (__stack_end, __stack_end)

.data           0x20000200        0xc load address 0x0800177c
                0x20000200                . = ALIGN (0x4)
                0x0800177c                __data_init_start = LOADADDR (.data)
                [0x0800177c]                PROVIDE (__data_init_start, __data_init_start)
                0x20000200                __data_start = .
                [0x20000200]                PROVIDE (__data_start, __data_start)
                0x20000200                . = ALIGN (0x4)
 *(.data .data.* .gnu.linkonce.d.*)
 .data.xFreeBytesRemaining
                0x20000200        0x4 obj/heap_4.o
 .data.uxCriticalNesting
                0x20000204        0x4 obj/port.o
 .data.xNextTaskUnblockTime
                0x20000208        0x4 obj/tasks.o
                0x2000020c                . = ALIGN (0x4)
                0x2000020c                __data_end = .
                [0x2000020c]                PROVIDE (__data_end, __data_end)

.jcr            0x2000020c        0x0 load address 0x08001788
 .jcr           0x2000020c        0x0 c:/dev/arm/toolchains/gcc-arm-none-eabi-4_9-141220/bin/../lib/gcc/arm-none-eabi/4.9.3/armv7e-m/fpu/crtbegin.o

.igot.plt       0x2000020c        0x0 load address 0x08001788
 .igot.plt      0x2000020c        0x0 c:/dev/arm/toolchains/gcc-arm-none-eabi-4_9-141220/bin/../lib/gcc/arm-none-eabi/4.9.3/armv7e-m/fpu/crtbegin.o

.bss            0x2000020c     0x11a4
                0x2000020c                . = ALIGN (0x4)
                0x2000020c                __bss_start = .
                [0x2000020c]                PROVIDE (__bss_start, __bss_start)
                0x2000020c                . = ALIGN (0x4)
 *(.bss .bss.* .gnu.linkonce.b.*)
 .bss           0x2000020c       0x1c c:/dev/arm/toolchains/gcc-arm-none-eabi-4_9-141220/bin/../lib/gcc/arm-none-eabi/4.9.3/armv7e-m/fpu/crtbegin.o
 .bss.usart_struct
                0x20000228       0x10 obj/usart.o
 .bss.ucHeap    0x20000238     0x1000 obj/heap_4.o
 .bss.xStart    0x20001238        0x8 obj/heap_4.o
 .bss.pxEnd     0x20001240        0x4 obj/heap_4.o
 .bss.xBlockAllocatedBit
                0x20001244        0x4 obj/heap_4.o
 .bss.ucMaxSysCallPriority
                0x20001248        0x1 obj/port.o
 *fill*         0x20001249        0x3 
 .bss.ulMaxPRIGROUPValue
                0x2000124c        0x4 obj/port.o
 .bss.pxCurrentTCB
                0x20001250        0x4 obj/tasks.o
                0x20001250                pxCurrentTCB
 .bss.pxReadyTasksLists
                0x20001254       0xc8 obj/tasks.o
 .bss.xDelayedTaskList1
                0x2000131c       0x14 obj/tasks.o
 .bss.xDelayedTaskList2
                0x20001330       0x14 obj/tasks.o
 .bss.pxDelayedTaskList
                0x20001344        0x4 obj/tasks.o
 .bss.pxOverflowDelayedTaskList
                0x20001348        0x4 obj/tasks.o
 .bss.xPendingReadyList
                0x2000134c       0x14 obj/tasks.o
 .bss.xTasksWaitingTermination
                0x20001360       0x14 obj/tasks.o
 .bss.uxTasksDeleted
                0x20001374        0x4 obj/tasks.o
 .bss.xSuspendedTaskList
                0x20001378       0x14 obj/tasks.o
 .bss.uxCurrentNumberOfTasks
                0x2000138c        0x4 obj/tasks.o
 .bss.xTickCount
                0x20001390        0x4 obj/tasks.o
 .bss.uxTopReadyPriority
                0x20001394        0x4 obj/tasks.o
 .bss.xSchedulerRunning
                0x20001398        0x4 obj/tasks.o
 .bss.uxSchedulerSuspended
                0x2000139c        0x4 obj/tasks.o
 .bss.uxPendedTicks
                0x200013a0        0x4 obj/tasks.o
 .bss.xYieldPending
                0x200013a4        0x4 obj/tasks.o
 .bss.xNumOfOverflows
                0x200013a8        0x4 obj/tasks.o
 .bss.uxTaskNumber
                0x200013ac        0x4 obj/tasks.o
                0x200013b0                . = ALIGN (0x4)
 *(COMMON)
                0x200013b0                . = ALIGN (0x4)
                0x200013b0                __bss_end = .
                [0x200013b0]                PROVIDE (__bss_end, __bss_end)
                0x200013b0                . = ALIGN (0x4)
                0x200013b0                __heap_start = .
                [0x200013b0]                PROVIDE (__heap_start, __heap_start)
                0x200013b0                . = ALIGN (0x4)
                0x2001c000                __heap_end = __ram_end
                [0x2001c000]                PROVIDE (__heap_end, __heap_end)

.aux            0x2001c000        0x0
                0x2001c000                . = ALIGN (0x4)
                0x2001c000                __aux_start = .
                [0x2001c000]                PROVIDE (__aux_start, __aux_start)
                0x2001c000                . = ALIGN (0x4)
 *(.aux .aux.* .gnu.linkonce.b.*)
                0x2001c000                . = ALIGN (0x4)
 *(COMMON)
                0x2001c000                . = ALIGN (0x4)
                0x2001c000                __aux_end = .
                [0x2001c000]                PROVIDE (__aux_end, __aux_end)

.stab
 *(.stab)

.stabstr
 *(.stabstr)

.debug
 *(.debug)

.line
 *(.line)

.debug_srcinfo
 *(.debug_srcinfo)

.debug_sfnames
 *(.debug_sfnames)

.debug_aranges  0x00000000      0x778
 *(.debug_aranges)
 .debug_aranges
                0x00000000       0x20 c:/dev/arm/toolchains/gcc-arm-none-eabi-4_9-141220/bin/../lib/gcc/arm-none-eabi/4.9.3/../../../../arm-none-eabi/lib/armv7e-m/fpu/crt0.o
 .debug_aranges
                0x00000020       0x20 obj/startup.o
 .debug_aranges
                0x00000040       0x20 obj/core_init.o
 .debug_aranges
                0x00000060       0x38 obj/gpio_f4.o
 .debug_aranges
                0x00000098       0x30 obj/i2c_master.o
 .debug_aranges
                0x000000c8       0x30 obj/hardfault.o
 .debug_aranges
                0x000000f8       0x20 obj/vectors.o
 .debug_aranges
                0x00000118       0x38 obj/usart.o
 .debug_aranges
                0x00000150       0x48 obj/hmc5883l.o
 .debug_aranges
                0x00000198       0x28 obj/malloc_lock.o
 .debug_aranges
                0x000001c0       0xa8 obj/syscalls.o
 .debug_aranges
                0x00000268       0x50 obj/croutine.o
 .debug_aranges
                0x000002b8       0x48 obj/heap_4.o
 .debug_aranges
                0x00000300       0x30 obj/hooks.o
 .debug_aranges
                0x00000330       0x40 obj/list.o
 .debug_aranges
                0x00000370       0x88 obj/port.o
 .debug_aranges
                0x000003f8       0xb0 obj/queue.o
 .debug_aranges
                0x000004a8       0x18 obj/rtos_timers.o
 .debug_aranges
                0x000004c0      0x128 obj/tasks.o
 .debug_aranges
                0x000005e8       0x48 obj/main.o
 .debug_aranges
                0x00000630       0x20 c:/dev/arm/toolchains/gcc-arm-none-eabi-4_9-141220/bin/../lib/gcc/arm-none-eabi/4.9.3/../../../../arm-none-eabi/lib/armv7e-m/fpu\libg.a(lib_a-exit.o)
 .debug_aranges
                0x00000650       0x18 c:/dev/arm/toolchains/gcc-arm-none-eabi-4_9-141220/bin/../lib/gcc/arm-none-eabi/4.9.3/../../../../arm-none-eabi/lib/armv7e-m/fpu\libg.a(lib_a-impure.o)
 .debug_aranges
                0x00000668       0x20 c:/dev/arm/toolchains/gcc-arm-none-eabi-4_9-141220/bin/../lib/gcc/arm-none-eabi/4.9.3/../../../../arm-none-eabi/lib/armv7e-m/fpu\libg.a(lib_a-init.o)
 .debug_aranges
                0x00000688       0x20 c:/dev/arm/toolchains/gcc-arm-none-eabi-4_9-141220/bin/../lib/gcc/arm-none-eabi/4.9.3/../../../../arm-none-eabi/lib/armv7e-m/fpu\libg.a(lib_a-memcmp.o)
 .debug_aranges
                0x000006a8       0x20 c:/dev/arm/toolchains/gcc-arm-none-eabi-4_9-141220/bin/../lib/gcc/arm-none-eabi/4.9.3/../../../../arm-none-eabi/lib/armv7e-m/fpu\libg.a(lib_a-memcpy.o)
 .debug_aranges
                0x000006c8       0x20 c:/dev/arm/toolchains/gcc-arm-none-eabi-4_9-141220/bin/../lib/gcc/arm-none-eabi/4.9.3/../../../../arm-none-eabi/lib/armv7e-m/fpu\libg.a(lib_a-memset.o)
 .debug_aranges
                0x000006e8       0x28 c:/dev/arm/toolchains/gcc-arm-none-eabi-4_9-141220/bin/../lib/gcc/arm-none-eabi/4.9.3/../../../../arm-none-eabi/lib/armv7e-m/fpu\libg.a(lib_a-reent.o)
 .debug_aranges
                0x00000710       0x20 c:/dev/arm/toolchains/gcc-arm-none-eabi-4_9-141220/bin/../lib/gcc/arm-none-eabi/4.9.3/../../../../arm-none-eabi/lib/armv7e-m/fpu\libg.a(lib_a-__call_atexit.o)
 .debug_aranges
                0x00000730       0x28 c:/dev/arm/toolchains/gcc-arm-none-eabi-4_9-141220/bin/../lib/gcc/arm-none-eabi/4.9.3/../../../../arm-none-eabi/lib/armv7e-m/fpu\libg.a(lib_a-freer.o)
 .debug_aranges
                0x00000758       0x20 c:/dev/arm/toolchains/gcc-arm-none-eabi-4_9-141220/bin/../lib/gcc/arm-none-eabi/4.9.3/../../../../arm-none-eabi/lib/armv7e-m/fpu\libg.a(lib_a-mallocr.o)

.debug_pubnames
 *(.debug_pubnames)

.debug_info     0x00000000     0x902d
 *(.debug_info .gnu.linkonce.wi.*)
 .debug_info    0x00000000       0xd5 c:/dev/arm/toolchains/gcc-arm-none-eabi-4_9-141220/bin/../lib/gcc/arm-none-eabi/4.9.3/../../../../arm-none-eabi/lib/armv7e-m/fpu/crt0.o
 .debug_info    0x000000d5       0x6d obj/startup.o
 .debug_info    0x00000142      0x46c obj/core_init.o
 .debug_info    0x000005ae      0x287 obj/gpio_f4.o
 .debug_info    0x00000835      0x4e4 obj/i2c_master.o
 .debug_info    0x00000d19      0x3a3 obj/hardfault.o
 .debug_info    0x000010bc       0x86 obj/vectors.o
 .debug_info    0x00001142      0x84e obj/usart.o
 .debug_info    0x00001990      0x312 obj/hmc5883l.o
 .debug_info    0x00001ca2      0x77d obj/malloc_lock.o
 .debug_info    0x0000241f      0xe15 obj/syscalls.o
 .debug_info    0x00003234      0x45d obj/croutine.o
 .debug_info    0x00003691      0x2bf obj/heap_4.o
 .debug_info    0x00003950      0x128 obj/hooks.o
 .debug_info    0x00003a78      0x27b obj/list.o
 .debug_info    0x00003cf3      0x2a8 obj/port.o
 .debug_info    0x00003f9b      0x884 obj/queue.o
 .debug_info    0x0000481f       0x76 obj/rtos_timers.o
 .debug_info    0x00004895      0xd31 obj/tasks.o
 .debug_info    0x000055c6      0x4fe obj/main.o
 .debug_info    0x00005ac4      0x78c c:/dev/arm/toolchains/gcc-arm-none-eabi-4_9-141220/bin/../lib/gcc/arm-none-eabi/4.9.3/../../../../arm-none-eabi/lib/armv7e-m/fpu\libg.a(lib_a-exit.o)
 .debug_info    0x00006250      0x7cf c:/dev/arm/toolchains/gcc-arm-none-eabi-4_9-141220/bin/../lib/gcc/arm-none-eabi/4.9.3/../../../../arm-none-eabi/lib/armv7e-m/fpu\libg.a(lib_a-impure.o)
 .debug_info    0x00006a1f      0x101 c:/dev/arm/toolchains/gcc-arm-none-eabi-4_9-141220/bin/../lib/gcc/arm-none-eabi/4.9.3/../../../../arm-none-eabi/lib/armv7e-m/fpu\libg.a(lib_a-init.o)
 .debug_info    0x00006b20      0x10f c:/dev/arm/toolchains/gcc-arm-none-eabi-4_9-141220/bin/../lib/gcc/arm-none-eabi/4.9.3/../../../../arm-none-eabi/lib/armv7e-m/fpu\libg.a(lib_a-memcmp.o)
 .debug_info    0x00006c2f       0xef c:/dev/arm/toolchains/gcc-arm-none-eabi-4_9-141220/bin/../lib/gcc/arm-none-eabi/4.9.3/../../../../arm-none-eabi/lib/armv7e-m/fpu\libg.a(lib_a-memcpy.o)
 .debug_info    0x00006d1e      0x113 c:/dev/arm/toolchains/gcc-arm-none-eabi-4_9-141220/bin/../lib/gcc/arm-none-eabi/4.9.3/../../../../arm-none-eabi/lib/armv7e-m/fpu\libg.a(lib_a-memset.o)
 .debug_info    0x00006e31      0x8f7 c:/dev/arm/toolchains/gcc-arm-none-eabi-4_9-141220/bin/../lib/gcc/arm-none-eabi/4.9.3/../../../../arm-none-eabi/lib/armv7e-m/fpu\libg.a(lib_a-reent.o)
 .debug_info    0x00007728      0x206 c:/dev/arm/toolchains/gcc-arm-none-eabi-4_9-141220/bin/../lib/gcc/arm-none-eabi/4.9.3/../../../../arm-none-eabi/lib/armv7e-m/fpu\libg.a(lib_a-__call_atexit.o)
 .debug_info    0x0000792e      0xac8 c:/dev/arm/toolchains/gcc-arm-none-eabi-4_9-141220/bin/../lib/gcc/arm-none-eabi/4.9.3/../../../../arm-none-eabi/lib/armv7e-m/fpu\libg.a(lib_a-freer.o)
 .debug_info    0x000083f6      0xc37 c:/dev/arm/toolchains/gcc-arm-none-eabi-4_9-141220/bin/../lib/gcc/arm-none-eabi/4.9.3/../../../../arm-none-eabi/lib/armv7e-m/fpu\libg.a(lib_a-mallocr.o)

.debug_abbrev   0x00000000     0x21be
 *(.debug_abbrev)
 .debug_abbrev  0x00000000       0x14 c:/dev/arm/toolchains/gcc-arm-none-eabi-4_9-141220/bin/../lib/gcc/arm-none-eabi/4.9.3/../../../../arm-none-eabi/lib/armv7e-m/fpu/crt0.o
 .debug_abbrev  0x00000014       0x14 obj/startup.o
 .debug_abbrev  0x00000028       0xbb obj/core_init.o
 .debug_abbrev  0x000000e3       0xdd obj/gpio_f4.o
 .debug_abbrev  0x000001c0       0xf5 obj/i2c_master.o
 .debug_abbrev  0x000002b5      0x132 obj/hardfault.o
 .debug_abbrev  0x000003e7       0x83 obj/vectors.o
 .debug_abbrev  0x0000046a      0x1ab obj/usart.o
 .debug_abbrev  0x00000615      0x120 obj/hmc5883l.o
 .debug_abbrev  0x00000735      0x14d obj/malloc_lock.o
 .debug_abbrev  0x00000882      0x1f0 obj/syscalls.o
 .debug_abbrev  0x00000a72      0x183 obj/croutine.o
 .debug_abbrev  0x00000bf5      0x19c obj/heap_4.o
 .debug_abbrev  0x00000d91       0xcc obj/hooks.o
 .debug_abbrev  0x00000e5d       0xc1 obj/list.o
 .debug_abbrev  0x00000f1e      0x191 obj/port.o
 .debug_abbrev  0x000010af      0x17e obj/queue.o
 .debug_abbrev  0x0000122d       0x29 obj/rtos_timers.o
 .debug_abbrev  0x00001256      0x1d8 obj/tasks.o
 .debug_abbrev  0x0000142e      0x154 obj/main.o
 .debug_abbrev  0x00001582      0x189 c:/dev/arm/toolchains/gcc-arm-none-eabi-4_9-141220/bin/../lib/gcc/arm-none-eabi/4.9.3/../../../../arm-none-eabi/lib/armv7e-m/fpu\libg.a(lib_a-exit.o)
 .debug_abbrev  0x0000170b      0x134 c:/dev/arm/toolchains/gcc-arm-none-eabi-4_9-141220/bin/../lib/gcc/arm-none-eabi/4.9.3/../../../../arm-none-eabi/lib/armv7e-m/fpu\libg.a(lib_a-impure.o)
 .debug_abbrev  0x0000183f       0xb8 c:/dev/arm/toolchains/gcc-arm-none-eabi-4_9-141220/bin/../lib/gcc/arm-none-eabi/4.9.3/../../../../arm-none-eabi/lib/armv7e-m/fpu\libg.a(lib_a-init.o)
 .debug_abbrev  0x000018f7       0x7d c:/dev/arm/toolchains/gcc-arm-none-eabi-4_9-141220/bin/../lib/gcc/arm-none-eabi/4.9.3/../../../../arm-none-eabi/lib/armv7e-m/fpu\libg.a(lib_a-memcmp.o)
 .debug_abbrev  0x00001974       0x14 c:/dev/arm/toolchains/gcc-arm-none-eabi-4_9-141220/bin/../lib/gcc/arm-none-eabi/4.9.3/../../../../arm-none-eabi/lib/armv7e-m/fpu\libg.a(lib_a-memcpy.o)
 .debug_abbrev  0x00001988       0x9d c:/dev/arm/toolchains/gcc-arm-none-eabi-4_9-141220/bin/../lib/gcc/arm-none-eabi/4.9.3/../../../../arm-none-eabi/lib/armv7e-m/fpu\libg.a(lib_a-memset.o)
 .debug_abbrev  0x00001a25      0x1f0 c:/dev/arm/toolchains/gcc-arm-none-eabi-4_9-141220/bin/../lib/gcc/arm-none-eabi/4.9.3/../../../../arm-none-eabi/lib/armv7e-m/fpu\libg.a(lib_a-reent.o)
 .debug_abbrev  0x00001c15      0x155 c:/dev/arm/toolchains/gcc-arm-none-eabi-4_9-141220/bin/../lib/gcc/arm-none-eabi/4.9.3/../../../../arm-none-eabi/lib/armv7e-m/fpu\libg.a(lib_a-__call_atexit.o)
 .debug_abbrev  0x00001d6a      0x211 c:/dev/arm/toolchains/gcc-arm-none-eabi-4_9-141220/bin/../lib/gcc/arm-none-eabi/4.9.3/../../../../arm-none-eabi/lib/armv7e-m/fpu\libg.a(lib_a-freer.o)
 .debug_abbrev  0x00001f7b      0x243 c:/dev/arm/toolchains/gcc-arm-none-eabi-4_9-141220/bin/../lib/gcc/arm-none-eabi/4.9.3/../../../../arm-none-eabi/lib/armv7e-m/fpu\libg.a(lib_a-mallocr.o)

.debug_line     0x00000000     0x53ac
 *(.debug_line)
 .debug_line    0x00000000       0x9e c:/dev/arm/toolchains/gcc-arm-none-eabi-4_9-141220/bin/../lib/gcc/arm-none-eabi/4.9.3/../../../../arm-none-eabi/lib/armv7e-m/fpu/crt0.o
 .debug_line    0x0000009e       0x8d obj/startup.o
 .debug_line    0x0000012b      0x37f obj/core_init.o
 .debug_line    0x000004aa      0x396 obj/gpio_f4.o
 .debug_line    0x00000840      0x3fc obj/i2c_master.o
 .debug_line    0x00000c3c      0x38f obj/hardfault.o
 .debug_line    0x00000fcb       0x4f obj/vectors.o
 .debug_line    0x0000101a      0x3de obj/usart.o
 .debug_line    0x000013f8      0x28b obj/hmc5883l.o
 .debug_line    0x00001683      0x3bb obj/malloc_lock.o
 .debug_line    0x00001a3e      0x3af obj/syscalls.o
 .debug_line    0x00001ded      0x261 obj/croutine.o
 .debug_line    0x0000204e      0x39a obj/heap_4.o
 .debug_line    0x000023e8      0x361 obj/hooks.o
 .debug_line    0x00002749      0x32f obj/list.o
 .debug_line    0x00002a78      0x270 obj/port.o
 .debug_line    0x00002ce8      0x6d1 obj/queue.o
 .debug_line    0x000033b9      0x2d8 obj/rtos_timers.o
 .debug_line    0x00003691      0x922 obj/tasks.o
 .debug_line    0x00003fb3      0x43a obj/main.o
 .debug_line    0x000043ed      0x182 c:/dev/arm/toolchains/gcc-arm-none-eabi-4_9-141220/bin/../lib/gcc/arm-none-eabi/4.9.3/../../../../arm-none-eabi/lib/armv7e-m/fpu\libg.a(lib_a-exit.o)
 .debug_line    0x0000456f      0x11f c:/dev/arm/toolchains/gcc-arm-none-eabi-4_9-141220/bin/../lib/gcc/arm-none-eabi/4.9.3/../../../../arm-none-eabi/lib/armv7e-m/fpu\libg.a(lib_a-impure.o)
 .debug_line    0x0000468e      0x104 c:/dev/arm/toolchains/gcc-arm-none-eabi-4_9-141220/bin/../lib/gcc/arm-none-eabi/4.9.3/../../../../arm-none-eabi/lib/armv7e-m/fpu\libg.a(lib_a-init.o)
 .debug_line    0x00004792      0x13c c:/dev/arm/toolchains/gcc-arm-none-eabi-4_9-141220/bin/../lib/gcc/arm-none-eabi/4.9.3/../../../../arm-none-eabi/lib/armv7e-m/fpu\libg.a(lib_a-memcmp.o)
 .debug_line    0x000048ce       0xd4 c:/dev/arm/toolchains/gcc-arm-none-eabi-4_9-141220/bin/../lib/gcc/arm-none-eabi/4.9.3/../../../../arm-none-eabi/lib/armv7e-m/fpu\libg.a(lib_a-memcpy.o)
 .debug_line    0x000049a2      0x147 c:/dev/arm/toolchains/gcc-arm-none-eabi-4_9-141220/bin/../lib/gcc/arm-none-eabi/4.9.3/../../../../arm-none-eabi/lib/armv7e-m/fpu\libg.a(lib_a-memset.o)
 .debug_line    0x00004ae9      0x1aa c:/dev/arm/toolchains/gcc-arm-none-eabi-4_9-141220/bin/../lib/gcc/arm-none-eabi/4.9.3/../../../../arm-none-eabi/lib/armv7e-m/fpu\libg.a(lib_a-reent.o)
 .debug_line    0x00004c93      0x108 c:/dev/arm/toolchains/gcc-arm-none-eabi-4_9-141220/bin/../lib/gcc/arm-none-eabi/4.9.3/../../../../arm-none-eabi/lib/armv7e-m/fpu\libg.a(lib_a-__call_atexit.o)
 .debug_line    0x00004d9b      0x27b c:/dev/arm/toolchains/gcc-arm-none-eabi-4_9-141220/bin/../lib/gcc/arm-none-eabi/4.9.3/../../../../arm-none-eabi/lib/armv7e-m/fpu\libg.a(lib_a-freer.o)
 .debug_line    0x00005016      0x396 c:/dev/arm/toolchains/gcc-arm-none-eabi-4_9-141220/bin/../lib/gcc/arm-none-eabi/4.9.3/../../../../arm-none-eabi/lib/armv7e-m/fpu\libg.a(lib_a-mallocr.o)

.debug_frame    0x00000000     0x15dc
 *(.debug_frame)
 .debug_frame   0x00000000       0x30 obj/core_init.o
 .debug_frame   0x00000030       0xb0 obj/gpio_f4.o
 .debug_frame   0x000000e0       0x7c obj/i2c_master.o
 .debug_frame   0x0000015c       0x5c obj/hardfault.o
 .debug_frame   0x000001b8       0x30 obj/vectors.o
 .debug_frame   0x000001e8       0xa0 obj/usart.o
 .debug_frame   0x00000288       0xe0 obj/hmc5883l.o
 .debug_frame   0x00000368       0x58 obj/malloc_lock.o
 .debug_frame   0x000003c0      0x2d4 obj/syscalls.o
 .debug_frame   0x00000694      0x10c obj/croutine.o
 .debug_frame   0x000007a0       0xe4 obj/heap_4.o
 .debug_frame   0x00000884       0x68 obj/hooks.o
 .debug_frame   0x000008ec       0xd8 obj/list.o
 .debug_frame   0x000009c4      0x184 obj/port.o
 .debug_frame   0x00000b48      0x2bc obj/queue.o
 .debug_frame   0x00000e04      0x4cc obj/tasks.o
 .debug_frame   0x000012d0       0xdc obj/main.o
 .debug_frame   0x000013ac       0x28 c:/dev/arm/toolchains/gcc-arm-none-eabi-4_9-141220/bin/../lib/gcc/arm-none-eabi/4.9.3/../../../../arm-none-eabi/lib/armv7e-m/fpu\libg.a(lib_a-exit.o)
 .debug_frame   0x000013d4       0x2c c:/dev/arm/toolchains/gcc-arm-none-eabi-4_9-141220/bin/../lib/gcc/arm-none-eabi/4.9.3/../../../../arm-none-eabi/lib/armv7e-m/fpu\libg.a(lib_a-init.o)
 .debug_frame   0x00001400       0x38 c:/dev/arm/toolchains/gcc-arm-none-eabi-4_9-141220/bin/../lib/gcc/arm-none-eabi/4.9.3/../../../../arm-none-eabi/lib/armv7e-m/fpu\libg.a(lib_a-memcmp.o)
 .debug_frame   0x00001438       0x34 c:/dev/arm/toolchains/gcc-arm-none-eabi-4_9-141220/bin/../lib/gcc/arm-none-eabi/4.9.3/../../../../arm-none-eabi/lib/armv7e-m/fpu\libg.a(lib_a-memset.o)
 .debug_frame   0x0000146c       0x64 c:/dev/arm/toolchains/gcc-arm-none-eabi-4_9-141220/bin/../lib/gcc/arm-none-eabi/4.9.3/../../../../arm-none-eabi/lib/armv7e-m/fpu\libg.a(lib_a-reent.o)
 .debug_frame   0x000014d0       0x40 c:/dev/arm/toolchains/gcc-arm-none-eabi-4_9-141220/bin/../lib/gcc/arm-none-eabi/4.9.3/../../../../arm-none-eabi/lib/armv7e-m/fpu\libg.a(lib_a-__call_atexit.o)
 .debug_frame   0x00001510       0x74 c:/dev/arm/toolchains/gcc-arm-none-eabi-4_9-141220/bin/../lib/gcc/arm-none-eabi/4.9.3/../../../../arm-none-eabi/lib/armv7e-m/fpu\libg.a(lib_a-freer.o)
 .debug_frame   0x00001584       0x58 c:/dev/arm/toolchains/gcc-arm-none-eabi-4_9-141220/bin/../lib/gcc/arm-none-eabi/4.9.3/../../../../arm-none-eabi/lib/armv7e-m/fpu\libg.a(lib_a-mallocr.o)

.debug_str      0x00000000    0x4ba3a
 *(.debug_str)
 .debug_str     0x00000000    0x37cb9 obj/core_init.o
                              0x37ea9 (size before relaxing)
 .debug_str     0x00037cb9      0x486 obj/gpio_f4.o
                              0x3815e (size before relaxing)
 .debug_str     0x0003813f     0x30fc obj/i2c_master.o
                              0x3b306 (size before relaxing)
 .debug_str     0x0003b23b       0xe8 obj/hardfault.o
                              0x37e27 (size before relaxing)
 .debug_str     0x0003b323       0x48 obj/vectors.o
                               0x24c0 (size before relaxing)
 .debug_str     0x0003b36b     0x565b obj/usart.o
                              0x3dafd (size before relaxing)
 .debug_str     0x000409c6      0x476 obj/hmc5883l.o
                               0x3474 (size before relaxing)
 .debug_str     0x00040e3c     0x2acd obj/malloc_lock.o
                              0x3a803 (size before relaxing)
 .debug_str     0x00043909     0x111f obj/syscalls.o
                               0x656f (size before relaxing)
 .debug_str     0x00044a28      0xa5c obj/croutine.o
                               0x535b (size before relaxing)
 .debug_str     0x00045484      0x2a9 obj/heap_4.o
                               0x7554 (size before relaxing)
 .debug_str     0x0004572d       0x7c obj/hooks.o
                              0x37d5b (size before relaxing)
 .debug_str     0x000457a9       0xa4 obj/list.o
                               0x7082 (size before relaxing)
 .debug_str     0x0004584d      0x6dd obj/port.o
                               0x5023 (size before relaxing)
 .debug_str     0x00045f2a      0x5b0 obj/queue.o
                               0x83c3 (size before relaxing)
 .debug_str     0x000464da       0x22 obj/rtos_timers.o
                               0x831e (size before relaxing)
 .debug_str     0x000464fc      0xfc0 obj/tasks.o
                               0x8a4d (size before relaxing)
 .debug_str     0x000474bc     0x3e57 obj/main.o
                              0x3c32e (size before relaxing)
 .debug_str     0x0004b313      0x131 c:/dev/arm/toolchains/gcc-arm-none-eabi-4_9-141220/bin/../lib/gcc/arm-none-eabi/4.9.3/../../../../arm-none-eabi/lib/armv7e-m/fpu\libg.a(lib_a-exit.o)
                                0x52f (size before relaxing)
 .debug_str     0x0004b444       0x97 c:/dev/arm/toolchains/gcc-arm-none-eabi-4_9-141220/bin/../lib/gcc/arm-none-eabi/4.9.3/../../../../arm-none-eabi/lib/armv7e-m/fpu\libg.a(lib_a-impure.o)
                                0x566 (size before relaxing)
 .debug_str     0x0004b4db       0xa9 c:/dev/arm/toolchains/gcc-arm-none-eabi-4_9-141220/bin/../lib/gcc/arm-none-eabi/4.9.3/../../../../arm-none-eabi/lib/armv7e-m/fpu\libg.a(lib_a-init.o)
                                0x21e (size before relaxing)
 .debug_str     0x0004b584       0x54 c:/dev/arm/toolchains/gcc-arm-none-eabi-4_9-141220/bin/../lib/gcc/arm-none-eabi/4.9.3/../../../../arm-none-eabi/lib/armv7e-m/fpu\libg.a(lib_a-memcmp.o)
                                0x1bd (size before relaxing)
 .debug_str     0x0004b5d8       0x68 c:/dev/arm/toolchains/gcc-arm-none-eabi-4_9-141220/bin/../lib/gcc/arm-none-eabi/4.9.3/../../../../arm-none-eabi/lib/armv7e-m/fpu\libg.a(lib_a-memset.o)
                                0x1d1 (size before relaxing)
 .debug_str     0x0004b640       0x7f c:/dev/arm/toolchains/gcc-arm-none-eabi-4_9-141220/bin/../lib/gcc/arm-none-eabi/4.9.3/../../../../arm-none-eabi/lib/armv7e-m/fpu\libg.a(lib_a-reent.o)
                                0x546 (size before relaxing)
 .debug_str     0x0004b6bf       0xbf c:/dev/arm/toolchains/gcc-arm-none-eabi-4_9-141220/bin/../lib/gcc/arm-none-eabi/4.9.3/../../../../arm-none-eabi/lib/armv7e-m/fpu\libg.a(lib_a-__call_atexit.o)
                                0x261 (size before relaxing)
 .debug_str     0x0004b77e      0x1cd c:/dev/arm/toolchains/gcc-arm-none-eabi-4_9-141220/bin/../lib/gcc/arm-none-eabi/4.9.3/../../../../arm-none-eabi/lib/armv7e-m/fpu\libg.a(lib_a-freer.o)
                                0x6e7 (size before relaxing)
 .debug_str     0x0004b94b       0xef c:/dev/arm/toolchains/gcc-arm-none-eabi-4_9-141220/bin/../lib/gcc/arm-none-eabi/4.9.3/../../../../arm-none-eabi/lib/armv7e-m/fpu\libg.a(lib_a-mallocr.o)
                                0x79d (size before relaxing)

.debug_loc      0x00000000     0x1806
 *(.debug_loc)
 .debug_loc     0x00000000       0x1e c:/dev/arm/toolchains/gcc-arm-none-eabi-4_9-141220/bin/../lib/gcc/arm-none-eabi/4.9.3/../../../../arm-none-eabi/lib/armv7e-m/fpu\libg.a(lib_a-exit.o)
 .debug_loc     0x0000001e       0xae c:/dev/arm/toolchains/gcc-arm-none-eabi-4_9-141220/bin/../lib/gcc/arm-none-eabi/4.9.3/../../../../arm-none-eabi/lib/armv7e-m/fpu\libg.a(lib_a-init.o)
 .debug_loc     0x000000cc      0x14e c:/dev/arm/toolchains/gcc-arm-none-eabi-4_9-141220/bin/../lib/gcc/arm-none-eabi/4.9.3/../../../../arm-none-eabi/lib/armv7e-m/fpu\libg.a(lib_a-memcmp.o)
 .debug_loc     0x0000021a      0x1ae c:/dev/arm/toolchains/gcc-arm-none-eabi-4_9-141220/bin/../lib/gcc/arm-none-eabi/4.9.3/../../../../arm-none-eabi/lib/armv7e-m/fpu\libg.a(lib_a-memset.o)
 .debug_loc     0x000003c8       0xec c:/dev/arm/toolchains/gcc-arm-none-eabi-4_9-141220/bin/../lib/gcc/arm-none-eabi/4.9.3/../../../../arm-none-eabi/lib/armv7e-m/fpu\libg.a(lib_a-reent.o)
 .debug_loc     0x000004b4      0x10d c:/dev/arm/toolchains/gcc-arm-none-eabi-4_9-141220/bin/../lib/gcc/arm-none-eabi/4.9.3/../../../../arm-none-eabi/lib/armv7e-m/fpu\libg.a(lib_a-__call_atexit.o)
 .debug_loc     0x000005c1      0x4fd c:/dev/arm/toolchains/gcc-arm-none-eabi-4_9-141220/bin/../lib/gcc/arm-none-eabi/4.9.3/../../../../arm-none-eabi/lib/armv7e-m/fpu\libg.a(lib_a-freer.o)
 .debug_loc     0x00000abe      0xd48 c:/dev/arm/toolchains/gcc-arm-none-eabi-4_9-141220/bin/../lib/gcc/arm-none-eabi/4.9.3/../../../../arm-none-eabi/lib/armv7e-m/fpu\libg.a(lib_a-mallocr.o)

.comment        0x00000000       0x6a
 .comment       0x00000000       0x6a c:/dev/arm/toolchains/gcc-arm-none-eabi-4_9-141220/bin/../lib/gcc/arm-none-eabi/4.9.3/armv7e-m/fpu/crtbegin.o
                                 0x6b (size before relaxing)
 .comment       0x0000006a       0x6b obj/core_init.o
 .comment       0x0000006a       0x6b obj/gpio_f4.o
 .comment       0x0000006a       0x6b obj/i2c_master.o
 .comment       0x0000006a       0x6b obj/hardfault.o
 .comment       0x0000006a       0x6b obj/vectors.o
 .comment       0x0000006a       0x6b obj/usart.o
 .comment       0x0000006a       0x6b obj/hmc5883l.o
 .comment       0x0000006a       0x6b obj/malloc_lock.o
 .comment       0x0000006a       0x6b obj/syscalls.o
 .comment       0x0000006a       0x6b obj/croutine.o
 .comment       0x0000006a       0x6b obj/heap_4.o
 .comment       0x0000006a       0x6b obj/hooks.o
 .comment       0x0000006a       0x6b obj/list.o
 .comment       0x0000006a       0x6b obj/port.o
 .comment       0x0000006a       0x6b obj/queue.o
 .comment       0x0000006a       0x6b obj/rtos_timers.o
 .comment       0x0000006a       0x6b obj/tasks.o
 .comment       0x0000006a       0x6b obj/main.o
 .comment       0x0000006a       0x6b c:/dev/arm/toolchains/gcc-arm-none-eabi-4_9-141220/bin/../lib/gcc/arm-none-eabi/4.9.3/../../../../arm-none-eabi/lib/armv7e-m/fpu\libg.a(lib_a-exit.o)
 .comment       0x0000006a       0x6b c:/dev/arm/toolchains/gcc-arm-none-eabi-4_9-141220/bin/../lib/gcc/arm-none-eabi/4.9.3/../../../../arm-none-eabi/lib/armv7e-m/fpu\libg.a(lib_a-impure.o)
 .comment       0x0000006a       0x6b c:/dev/arm/toolchains/gcc-arm-none-eabi-4_9-141220/bin/../lib/gcc/arm-none-eabi/4.9.3/../../../../arm-none-eabi/lib/armv7e-m/fpu\libg.a(lib_a-init.o)
 .comment       0x0000006a       0x6b c:/dev/arm/toolchains/gcc-arm-none-eabi-4_9-141220/bin/../lib/gcc/arm-none-eabi/4.9.3/../../../../arm-none-eabi/lib/armv7e-m/fpu\libg.a(lib_a-memcmp.o)
 .comment       0x0000006a       0x6b c:/dev/arm/toolchains/gcc-arm-none-eabi-4_9-141220/bin/../lib/gcc/arm-none-eabi/4.9.3/../../../../arm-none-eabi/lib/armv7e-m/fpu\libg.a(lib_a-memset.o)
 .comment       0x0000006a       0x6b c:/dev/arm/toolchains/gcc-arm-none-eabi-4_9-141220/bin/../lib/gcc/arm-none-eabi/4.9.3/../../../../arm-none-eabi/lib/armv7e-m/fpu\libg.a(lib_a-reent.o)
 .comment       0x0000006a       0x6b c:/dev/arm/toolchains/gcc-arm-none-eabi-4_9-141220/bin/../lib/gcc/arm-none-eabi/4.9.3/../../../../arm-none-eabi/lib/armv7e-m/fpu\libg.a(lib_a-__call_atexit.o)
 .comment       0x0000006a       0x6b c:/dev/arm/toolchains/gcc-arm-none-eabi-4_9-141220/bin/../lib/gcc/arm-none-eabi/4.9.3/../../../../arm-none-eabi/lib/armv7e-m/fpu\libg.a(lib_a-freer.o)
 .comment       0x0000006a       0x6b c:/dev/arm/toolchains/gcc-arm-none-eabi-4_9-141220/bin/../lib/gcc/arm-none-eabi/4.9.3/../../../../arm-none-eabi/lib/armv7e-m/fpu\libg.a(lib_a-mallocr.o)
 .comment       0x0000006a       0x6b c:/dev/arm/toolchains/gcc-arm-none-eabi-4_9-141220/bin/../lib/gcc/arm-none-eabi/4.9.3/armv7e-m/fpu/crtend.o

.debug_macinfo
 *(.debug_macinfo)

.debug_weaknames
 *(.debug_weaknames)

.debug_funcnames
 *(.debug_funcnames)

.debug_typenames
 *(.debug_typenames)

.debug_varnames
 *(.debug_varnames)

.note.gnu.arm.ident
 *(.note.gnu.arm.ident)

.ARM.attributes
                0x00000000       0x30
 *(.ARM.attributes)
 .ARM.attributes
                0x00000000       0x22 c:/dev/arm/toolchains/gcc-arm-none-eabi-4_9-141220/bin/../lib/gcc/arm-none-eabi/4.9.3/armv7e-m/fpu/crti.o
 .ARM.attributes
                0x00000022       0x34 c:/dev/arm/toolchains/gcc-arm-none-eabi-4_9-141220/bin/../lib/gcc/arm-none-eabi/4.9.3/armv7e-m/fpu/crtbegin.o
 .ARM.attributes
                0x00000056       0x20 c:/dev/arm/toolchains/gcc-arm-none-eabi-4_9-141220/bin/../lib/gcc/arm-none-eabi/4.9.3/../../../../arm-none-eabi/lib/armv7e-m/fpu/crt0.o
 .ARM.attributes
                0x00000076       0x25 obj/startup.o
 .ARM.attributes
                0x0000009b       0x35 obj/core_init.o
 .ARM.attributes
                0x000000d0       0x35 obj/gpio_f4.o
 .ARM.attributes
                0x00000105       0x35 obj/i2c_master.o
 .ARM.attributes
                0x0000013a       0x35 obj/hardfault.o
 .ARM.attributes
                0x0000016f       0x35 obj/vectors.o
 .ARM.attributes
                0x000001a4       0x35 obj/usart.o
 .ARM.attributes
                0x000001d9       0x35 obj/hmc5883l.o
 .ARM.attributes
                0x0000020e       0x35 obj/malloc_lock.o
 .ARM.attributes
                0x00000243       0x35 obj/syscalls.o
 .ARM.attributes
                0x00000278       0x35 obj/croutine.o
 .ARM.attributes
                0x000002ad       0x35 obj/heap_4.o
 .ARM.attributes
                0x000002e2       0x35 obj/hooks.o
 .ARM.attributes
                0x00000317       0x35 obj/list.o
 .ARM.attributes
                0x0000034c       0x35 obj/port.o
 .ARM.attributes
                0x00000381       0x35 obj/queue.o
 .ARM.attributes
                0x000003b6       0x35 obj/rtos_timers.o
 .ARM.attributes
                0x000003eb       0x35 obj/tasks.o
 .ARM.attributes
                0x00000420       0x35 obj/main.o
 .ARM.attributes
                0x00000455       0x34 c:/dev/arm/toolchains/gcc-arm-none-eabi-4_9-141220/bin/../lib/gcc/arm-none-eabi/4.9.3/../../../../arm-none-eabi/lib/armv7e-m/fpu\libg.a(lib_a-exit.o)
 .ARM.attributes
                0x00000489       0x34 c:/dev/arm/toolchains/gcc-arm-none-eabi-4_9-141220/bin/../lib/gcc/arm-none-eabi/4.9.3/../../../../arm-none-eabi/lib/armv7e-m/fpu\libg.a(lib_a-impure.o)
 .ARM.attributes
                0x000004bd       0x34 c:/dev/arm/toolchains/gcc-arm-none-eabi-4_9-141220/bin/../lib/gcc/arm-none-eabi/4.9.3/../../../../arm-none-eabi/lib/armv7e-m/fpu\libg.a(lib_a-init.o)
 .ARM.attributes
                0x000004f1       0x34 c:/dev/arm/toolchains/gcc-arm-none-eabi-4_9-141220/bin/../lib/gcc/arm-none-eabi/4.9.3/../../../../arm-none-eabi/lib/armv7e-m/fpu\libg.a(lib_a-memcmp.o)
 .ARM.attributes
                0x00000525       0x20 c:/dev/arm/toolchains/gcc-arm-none-eabi-4_9-141220/bin/../lib/gcc/arm-none-eabi/4.9.3/../../../../arm-none-eabi/lib/armv7e-m/fpu\libg.a(lib_a-memcpy.o)
 .ARM.attributes
                0x00000545       0x34 c:/dev/arm/toolchains/gcc-arm-none-eabi-4_9-141220/bin/../lib/gcc/arm-none-eabi/4.9.3/../../../../arm-none-eabi/lib/armv7e-m/fpu\libg.a(lib_a-memset.o)
 .ARM.attributes
                0x00000579       0x34 c:/dev/arm/toolchains/gcc-arm-none-eabi-4_9-141220/bin/../lib/gcc/arm-none-eabi/4.9.3/../../../../arm-none-eabi/lib/armv7e-m/fpu\libg.a(lib_a-reent.o)
 .ARM.attributes
                0x000005ad       0x34 c:/dev/arm/toolchains/gcc-arm-none-eabi-4_9-141220/bin/../lib/gcc/arm-none-eabi/4.9.3/../../../../arm-none-eabi/lib/armv7e-m/fpu\libg.a(lib_a-__call_atexit.o)
 .ARM.attributes
                0x000005e1       0x34 c:/dev/arm/toolchains/gcc-arm-none-eabi-4_9-141220/bin/../lib/gcc/arm-none-eabi/4.9.3/../../../../arm-none-eabi/lib/armv7e-m/fpu\libg.a(lib_a-freer.o)
 .ARM.attributes
                0x00000615       0x34 c:/dev/arm/toolchains/gcc-arm-none-eabi-4_9-141220/bin/../lib/gcc/arm-none-eabi/4.9.3/../../../../arm-none-eabi/lib/armv7e-m/fpu\libg.a(lib_a-mallocr.o)
 .ARM.attributes
                0x00000649       0x34 c:/dev/arm/toolchains/gcc-arm-none-eabi-4_9-141220/bin/../lib/gcc/arm-none-eabi/4.9.3/armv7e-m/fpu/crtend.o
 .ARM.attributes
                0x0000067d       0x22 c:/dev/arm/toolchains/gcc-arm-none-eabi-4_9-141220/bin/../lib/gcc/arm-none-eabi/4.9.3/armv7e-m/fpu/crtn.o

/DISCARD/
 *(.note.GNU-stack)
                0x0000177c                PROVIDE (__text_size, (__text_end - __text_start))
                0x00000000                PROVIDE (__exidx_size, (__exidx_end - __exidx_start))
                0x00000200                PROVIDE (__stack_size, (__stack_end - __stack_start))
                0x0000000c                PROVIDE (__data_size, (__data_end - __data_start))
                0x000011a4                PROVIDE (__bss_size, (__bss_end - __bss_start))
                0x0001ac50                PROVIDE (__heap_size, (__heap_end - __heap_start))
                0x00000000                PROVIDE (__aux_size, (__aux_end - __aux_start))
OUTPUT(obj/bin/main.elf elf32-littlearm)

.debug_ranges   0x00000000      0x5b0
 .debug_ranges  0x00000000       0x10 obj/core_init.o
 .debug_ranges  0x00000010       0x28 obj/gpio_f4.o
 .debug_ranges  0x00000038       0x20 obj/i2c_master.o
 .debug_ranges  0x00000058       0x20 obj/hardfault.o
 .debug_ranges  0x00000078       0x10 obj/vectors.o
 .debug_ranges  0x00000088       0x28 obj/usart.o
 .debug_ranges  0x000000b0       0x38 obj/hmc5883l.o
 .debug_ranges  0x000000e8       0x18 obj/malloc_lock.o
 .debug_ranges  0x00000100       0x98 obj/syscalls.o
 .debug_ranges  0x00000198       0x40 obj/croutine.o
 .debug_ranges  0x000001d8       0x38 obj/heap_4.o
 .debug_ranges  0x00000210       0x20 obj/hooks.o
 .debug_ranges  0x00000230       0x30 obj/list.o
 .debug_ranges  0x00000260       0x78 obj/port.o
 .debug_ranges  0x000002d8       0xa0 obj/queue.o
 .debug_ranges  0x00000378      0x118 obj/tasks.o
 .debug_ranges  0x00000490       0x38 obj/main.o
 .debug_ranges  0x000004c8       0x10 c:/dev/arm/toolchains/gcc-arm-none-eabi-4_9-141220/bin/../lib/gcc/arm-none-eabi/4.9.3/../../../../arm-none-eabi/lib/armv7e-m/fpu\libg.a(lib_a-exit.o)
 .debug_ranges  0x000004d8       0x10 c:/dev/arm/toolchains/gcc-arm-none-eabi-4_9-141220/bin/../lib/gcc/arm-none-eabi/4.9.3/../../../../arm-none-eabi/lib/armv7e-m/fpu\libg.a(lib_a-init.o)
 .debug_ranges  0x000004e8       0x10 c:/dev/arm/toolchains/gcc-arm-none-eabi-4_9-141220/bin/../lib/gcc/arm-none-eabi/4.9.3/../../../../arm-none-eabi/lib/armv7e-m/fpu\libg.a(lib_a-memcmp.o)
 .debug_ranges  0x000004f8       0x10 c:/dev/arm/toolchains/gcc-arm-none-eabi-4_9-141220/bin/../lib/gcc/arm-none-eabi/4.9.3/../../../../arm-none-eabi/lib/armv7e-m/fpu\libg.a(lib_a-memset.o)
 .debug_ranges  0x00000508       0x18 c:/dev/arm/toolchains/gcc-arm-none-eabi-4_9-141220/bin/../lib/gcc/arm-none-eabi/4.9.3/../../../../arm-none-eabi/lib/armv7e-m/fpu\libg.a(lib_a-reent.o)
 .debug_ranges  0x00000520       0x30 c:/dev/arm/toolchains/gcc-arm-none-eabi-4_9-141220/bin/../lib/gcc/arm-none-eabi/4.9.3/../../../../arm-none-eabi/lib/armv7e-m/fpu\libg.a(lib_a-__call_atexit.o)
 .debug_ranges  0x00000550       0x18 c:/dev/arm/toolchains/gcc-arm-none-eabi-4_9-141220/bin/../lib/gcc/arm-none-eabi/4.9.3/../../../../arm-none-eabi/lib/armv7e-m/fpu\libg.a(lib_a-freer.o)
 .debug_ranges  0x00000568       0x48 c:/dev/arm/toolchains/gcc-arm-none-eabi-4_9-141220/bin/../lib/gcc/arm-none-eabi/4.9.3/../../../../arm-none-eabi/lib/armv7e-m/fpu\libg.a(lib_a-mallocr.o)

.debug_macro    0x00000000     0xdb74
 .debug_macro   0x00000000      0x169 obj/core_init.o
 .debug_macro   0x00000169      0x880 obj/core_init.o
 .debug_macro   0x000009e9       0x64 obj/core_init.o
 .debug_macro   0x00000a4d       0x35 obj/core_init.o
 .debug_macro   0x00000a82       0x22 obj/core_init.o
 .debug_macro   0x00000aa4       0x44 obj/core_init.o
 .debug_macro   0x00000ae8       0x1c obj/core_init.o
 .debug_macro   0x00000b04      0x1f7 obj/core_init.o
 .debug_macro   0x00000cfb       0x18 obj/core_init.o
 .debug_macro   0x00000d13       0x42 obj/core_init.o
 .debug_macro   0x00000d55      0x8cb obj/core_init.o
 .debug_macro   0x00001620     0x8088 obj/core_init.o
 .debug_macro   0x000096a8       0x28 obj/core_init.o
 .debug_macro   0x000096d0       0x3a obj/core_init.o
 .debug_macro   0x0000970a      0x11e obj/core_init.o
 .debug_macro   0x00009828      0x166 obj/core_init.o
 .debug_macro   0x0000998e       0x46 obj/core_init.o
 .debug_macro   0x000099d4       0xb1 obj/core_init.o
 .debug_macro   0x00009a85       0x12 obj/core_init.o
 .debug_macro   0x00009a97       0x1f obj/core_init.o
 .debug_macro   0x00009ab6      0x23b obj/core_init.o
 .debug_macro   0x00009cf1       0x64 obj/core_init.o
 .debug_macro   0x00009d55       0x57 obj/core_init.o
 .debug_macro   0x00009dac       0xb0 obj/core_init.o
 .debug_macro   0x00009e5c       0x5b obj/core_init.o
 .debug_macro   0x00009eb7       0x77 obj/core_init.o
 .debug_macro   0x00009f2e       0x70 obj/core_init.o
 .debug_macro   0x00009f9e      0x156 obj/gpio_f4.o
 .debug_macro   0x0000a0f4      0x14e obj/gpio_f4.o
 .debug_macro   0x0000a242      0x16e obj/i2c_master.o
 .debug_macro   0x0000a3b0       0x3a obj/i2c_master.o
 .debug_macro   0x0000a3ea      0x5b8 obj/i2c_master.o
 .debug_macro   0x0000a9a2      0x147 obj/hardfault.o
 .debug_macro   0x0000aae9       0x11 obj/vectors.o
 .debug_macro   0x0000aafa      0x16e obj/usart.o
 .debug_macro   0x0000ac68      0x82a obj/usart.o
 .debug_macro   0x0000b492       0x72 obj/hmc5883l.o
 .debug_macro   0x0000b504       0x10 obj/hmc5883l.o
 .debug_macro   0x0000b514       0x58 obj/hmc5883l.o
 .debug_macro   0x0000b56c      0x1f8 obj/malloc_lock.o
 .debug_macro   0x0000b764       0x46 obj/malloc_lock.o
 .debug_macro   0x0000b7aa       0x3c obj/malloc_lock.o
 .debug_macro   0x0000b7e6       0x9c obj/malloc_lock.o
 .debug_macro   0x0000b882       0x16 obj/malloc_lock.o
 .debug_macro   0x0000b898       0x35 obj/malloc_lock.o
 .debug_macro   0x0000b8cd       0x52 obj/malloc_lock.o
 .debug_macro   0x0000b91f       0x16 obj/malloc_lock.o
 .debug_macro   0x0000b935       0x43 obj/malloc_lock.o
 .debug_macro   0x0000b978      0x19c obj/malloc_lock.o
 .debug_macro   0x0000bb14      0x29d obj/malloc_lock.o
 .debug_macro   0x0000bdb1       0x22 obj/malloc_lock.o
 .debug_macro   0x0000bdd3      0x192 obj/syscalls.o
 .debug_macro   0x0000bf65       0x10 obj/syscalls.o
 .debug_macro   0x0000bf75       0x4a obj/syscalls.o
 .debug_macro   0x0000bfbf      0x23b obj/syscalls.o
 .debug_macro   0x0000c1fa       0x10 obj/syscalls.o
 .debug_macro   0x0000c20a       0x22 obj/syscalls.o
 .debug_macro   0x0000c22c       0xbd obj/syscalls.o
 .debug_macro   0x0000c2e9       0x10 obj/syscalls.o
 .debug_macro   0x0000c2f9       0x10 obj/syscalls.o
 .debug_macro   0x0000c309       0x3a obj/syscalls.o
 .debug_macro   0x0000c343      0x121 obj/syscalls.o
 .debug_macro   0x0000c464       0x91 obj/croutine.o
 .debug_macro   0x0000c4f5      0x11e obj/croutine.o
 .debug_macro   0x0000c613       0x49 obj/croutine.o
 .debug_macro   0x0000c65c      0x15d obj/heap_4.o
 .debug_macro   0x0000c7b9      0x10e obj/heap_4.o
 .debug_macro   0x0000c8c7       0x7f obj/heap_4.o
 .debug_macro   0x0000c946      0x147 obj/hooks.o
 .debug_macro   0x0000ca8d      0x130 obj/list.o
 .debug_macro   0x0000cbbd      0x10c obj/port.o
 .debug_macro   0x0000ccc9      0x19c obj/queue.o
 .debug_macro   0x0000ce65       0x16 obj/queue.o
 .debug_macro   0x0000ce7b      0x167 obj/rtos_timers.o
 .debug_macro   0x0000cfe2      0x1d8 obj/tasks.o
 .debug_macro   0x0000d1ba       0x17 obj/tasks.o
 .debug_macro   0x0000d1d1      0x192 obj/main.o
 .debug_macro   0x0000d363      0x154 obj/main.o
 .debug_macro   0x0000d4b7      0x6bd obj/main.o

Cross Reference Table

Symbol                                            File
ADC_IRQHandler                                    obj/vectors.o
BusFault_Handler                                  obj/vectors.o
CAN1_RX0_IRQHandler                               obj/vectors.o
CAN1_RX1_IRQHandler                               obj/vectors.o
CAN1_SCE_IRQHandler                               obj/vectors.o
CAN1_TX_IRQHandler                                obj/vectors.o
CAN2_RX0_IRQHandler                               obj/vectors.o
CAN2_RX1_IRQHandler                               obj/vectors.o
CAN2_SCE_IRQHandler                               obj/vectors.o
CAN2_TX_IRQHandler                                obj/vectors.o
CRYP_IRQHandler                                   obj/vectors.o
DCMI_IRQHandler                                   obj/vectors.o
DMA1_Stream0_IRQHandler                           obj/vectors.o
DMA1_Stream1_IRQHandler                           obj/vectors.o
DMA1_Stream2_IRQHandler                           obj/vectors.o
DMA1_Stream3_IRQHandler                           obj/vectors.o
DMA1_Stream4_IRQHandler                           obj/vectors.o
DMA1_Stream5_IRQHandler                           obj/vectors.o
DMA1_Stream6_IRQHandler                           obj/vectors.o
DMA1_Stream7_IRQHandler                           obj/vectors.o
DMA2_Stream0_IRQHandler                           obj/vectors.o
DMA2_Stream1_IRQHandler                           obj/vectors.o
DMA2_Stream2_IRQHandler                           obj/vectors.o
DMA2_Stream3_IRQHandler                           obj/vectors.o
DMA2_Stream4_IRQHandler                           obj/vectors.o
DMA2_Stream5_IRQHandler                           obj/vectors.o
DMA2_Stream6_IRQHandler                           obj/vectors.o
DMA2_Stream7_IRQHandler                           obj/vectors.o
DebugMon_Handler                                  obj/vectors.o
ETH_IRQHandler                                    obj/vectors.o
ETH_WKUP_IRQHandler                               obj/vectors.o
EXTI0_IRQHandler                                  obj/vectors.o
EXTI15_10_IRQHandler                              obj/vectors.o
EXTI1_IRQHandler                                  obj/vectors.o
EXTI2_IRQHandler                                  obj/vectors.o
EXTI3_IRQHandler                                  obj/vectors.o
EXTI4_IRQHandler                                  obj/vectors.o
EXTI9_5_IRQHandler                                obj/vectors.o
FLASH_IRQHandler                                  obj/vectors.o
FPU_IRQHandler                                    obj/vectors.o
FSMC_IRQHandler                                   obj/vectors.o
HASH_RNG_IRQHandler                               obj/vectors.o
HardFault_Handler                                 obj/hardfault.o
HardFault_HandlerC                                obj/hardfault.o
I2C1_ER_IRQHandler                                obj/vectors.o
I2C1_EV_IRQHandler                                obj/vectors.o
I2C2_ER_IRQHandler                                obj/vectors.o
I2C2_EV_IRQHandler                                obj/vectors.o
I2C3_ER_IRQHandler                                obj/vectors.o
I2C3_EV_IRQHandler                                obj/vectors.o
LCD_WriteByte                                     obj/main.o
LCD_Write_COM                                     obj/main.o
LCD_Write_DATA                                    obj/main.o
MemManage_Handler                                 obj/vectors.o
NMI_Handler                                       obj/vectors.o
OTG_FS_IRQHandler                                 obj/vectors.o
OTG_FS_WKUP_IRQHandler                            obj/vectors.o
OTG_HS_EP1_IN_IRQHandler                          obj/vectors.o
OTG_HS_EP1_OUT_IRQHandler                         obj/vectors.o
OTG_HS_IRQHandler                                 obj/vectors.o
OTG_HS_WKUP_IRQHandler                            obj/vectors.o
PVD_IRQHandler                                    obj/vectors.o
PendSV_Handler                                    obj/port.o
                                                  obj/vectors.o
RCC_IRQHandler                                    obj/vectors.o
RTC_Alarm_IRQHandler                              obj/vectors.o
RTC_WKUP_IRQHandler                               obj/vectors.o
Reset_Handler                                     obj/startup.o
                                                  obj/vectors.o
SDIO_IRQHandler                                   obj/vectors.o
SPI1_IRQHandler                                   obj/vectors.o
SPI2_IRQHandler                                   obj/vectors.o
SPI3_IRQHandler                                   obj/vectors.o
SVC_Handler                                       obj/port.o
                                                  obj/vectors.o
SysTick_Handler                                   obj/port.o
                                                  obj/vectors.o
TAMP_STAMP_IRQHandler                             obj/vectors.o
TIM1_BRK_TIM9_IRQHandler                          obj/vectors.o
TIM1_CC_IRQHandler                                obj/vectors.o
TIM1_TRG_COM_TIM11_IRQHandler                     obj/vectors.o
TIM1_UP_TIM10_IRQHandler                          obj/vectors.o
TIM2_IRQHandler                                   obj/vectors.o
TIM3_IRQHandler                                   obj/vectors.o
TIM4_IRQHandler                                   obj/vectors.o
TIM5_IRQHandler                                   obj/vectors.o
TIM6_DAC_IRQHandler                               obj/vectors.o
TIM7_IRQHandler                                   obj/vectors.o
TIM8_BRK_TIM12_IRQHandler                         obj/vectors.o
TIM8_CC_IRQHandler                                obj/vectors.o
TIM8_TRG_COM_TIM14_IRQHandler                     obj/vectors.o
TIM8_UP_TIM13_IRQHandler                          obj/vectors.o
UART4_IRQHandler                                  obj/vectors.o
UART5_IRQHandler                                  obj/vectors.o
USART1_IRQHandler                                 obj/vectors.o
USART2_IRQHandler                                 obj/usart.o
                                                  obj/vectors.o
USART3_IRQHandler                                 obj/vectors.o
USART6_IRQHandler                                 obj/vectors.o
UsageFault_Handler                                obj/vectors.o
WWDG_IRQHandler                                   obj/vectors.o
_Jv_RegisterClasses                               c:/dev/arm/toolchains/gcc-arm-none-eabi-4_9-141220/bin/../lib/gcc/arm-none-eabi/4.9.3/armv7e-m/fpu/crtbegin.o
__Reserved_0x1C_Handler                           obj/vectors.o
__Reserved_0x20_Handler                           obj/vectors.o
__Reserved_0x24_Handler                           obj/vectors.o
__Reserved_0x28_Handler                           obj/vectors.o
__Reserved_0x34_Handler                           obj/vectors.o
__aux_ram_end                                     obj/startup.o
__aux_ram_start                                   obj/startup.o
__bss_end__                                       c:/dev/arm/toolchains/gcc-arm-none-eabi-4_9-141220/bin/../lib/gcc/arm-none-eabi/4.9.3/../../../../arm-none-eabi/lib/armv7e-m/fpu/crt0.o
__bss_start__                                     c:/dev/arm/toolchains/gcc-arm-none-eabi-4_9-141220/bin/../lib/gcc/arm-none-eabi/4.9.3/../../../../arm-none-eabi/lib/armv7e-m/fpu/crt0.o
__call_exitprocs                                  c:/dev/arm/toolchains/gcc-arm-none-eabi-4_9-141220/bin/../lib/gcc/arm-none-eabi/4.9.3/../../../../arm-none-eabi/lib/armv7e-m/fpu\libg.a(lib_a-__call_atexit.o)
                                                  c:/dev/arm/toolchains/gcc-arm-none-eabi-4_9-141220/bin/../lib/gcc/arm-none-eabi/4.9.3/../../../../arm-none-eabi/lib/armv7e-m/fpu\libg.a(lib_a-exit.o)
__ccm_ram_end                                     obj/startup.o
__ccm_ram_start                                   obj/startup.o
__data_end                                        obj/startup.o
__data_init_start                                 obj/startup.o
__data_start                                      obj/startup.o
__default_low_level_init                          obj/startup.o
__deregister_frame_info                           c:/dev/arm/toolchains/gcc-arm-none-eabi-4_9-141220/bin/../lib/gcc/arm-none-eabi/4.9.3/armv7e-m/fpu/crtbegin.o
__dso_handle                                      c:/dev/arm/toolchains/gcc-arm-none-eabi-4_9-141220/bin/../lib/gcc/arm-none-eabi/4.9.3/armv7e-m/fpu/crtbegin.o
__heap_end                                        obj/syscalls.o
__heap_start                                      obj/syscalls.o
__init_array_end                                  c:/dev/arm/toolchains/gcc-arm-none-eabi-4_9-141220/bin/../lib/gcc/arm-none-eabi/4.9.3/../../../../arm-none-eabi/lib/armv7e-m/fpu\libg.a(lib_a-init.o)
__init_array_start                                c:/dev/arm/toolchains/gcc-arm-none-eabi-4_9-141220/bin/../lib/gcc/arm-none-eabi/4.9.3/../../../../arm-none-eabi/lib/armv7e-m/fpu\libg.a(lib_a-init.o)
__libc_fini_array                                 c:/dev/arm/toolchains/gcc-arm-none-eabi-4_9-141220/bin/../lib/gcc/arm-none-eabi/4.9.3/../../../../arm-none-eabi/lib/armv7e-m/fpu/crt0.o
__libc_init_array                                 c:/dev/arm/toolchains/gcc-arm-none-eabi-4_9-141220/bin/../lib/gcc/arm-none-eabi/4.9.3/../../../../arm-none-eabi/lib/armv7e-m/fpu\libg.a(lib_a-init.o)
                                                  c:/dev/arm/toolchains/gcc-arm-none-eabi-4_9-141220/bin/../lib/gcc/arm-none-eabi/4.9.3/../../../../arm-none-eabi/lib/armv7e-m/fpu/crt0.o
__main_stack_end                                  obj/vectors.o
__malloc_av_                                      c:/dev/arm/toolchains/gcc-arm-none-eabi-4_9-141220/bin/../lib/gcc/arm-none-eabi/4.9.3/../../../../arm-none-eabi/lib/armv7e-m/fpu\libg.a(lib_a-mallocr.o)
                                                  c:/dev/arm/toolchains/gcc-arm-none-eabi-4_9-141220/bin/../lib/gcc/arm-none-eabi/4.9.3/../../../../arm-none-eabi/lib/armv7e-m/fpu\libg.a(lib_a-freer.o)
__malloc_current_mallinfo                         c:/dev/arm/toolchains/gcc-arm-none-eabi-4_9-141220/bin/../lib/gcc/arm-none-eabi/4.9.3/../../../../arm-none-eabi/lib/armv7e-m/fpu\libg.a(lib_a-mallocr.o)
                                                  c:/dev/arm/toolchains/gcc-arm-none-eabi-4_9-141220/bin/../lib/gcc/arm-none-eabi/4.9.3/../../../../arm-none-eabi/lib/armv7e-m/fpu\libg.a(lib_a-freer.o)
__malloc_lock                                     obj/malloc_lock.o
                                                  c:/dev/arm/toolchains/gcc-arm-none-eabi-4_9-141220/bin/../lib/gcc/arm-none-eabi/4.9.3/../../../../arm-none-eabi/lib/armv7e-m/fpu\libg.a(lib_a-mallocr.o)
                                                  c:/dev/arm/toolchains/gcc-arm-none-eabi-4_9-141220/bin/../lib/gcc/arm-none-eabi/4.9.3/../../../../arm-none-eabi/lib/armv7e-m/fpu\libg.a(lib_a-freer.o)
__malloc_max_sbrked_mem                           c:/dev/arm/toolchains/gcc-arm-none-eabi-4_9-141220/bin/../lib/gcc/arm-none-eabi/4.9.3/../../../../arm-none-eabi/lib/armv7e-m/fpu\libg.a(lib_a-mallocr.o)
__malloc_max_total_mem                            c:/dev/arm/toolchains/gcc-arm-none-eabi-4_9-141220/bin/../lib/gcc/arm-none-eabi/4.9.3/../../../../arm-none-eabi/lib/armv7e-m/fpu\libg.a(lib_a-mallocr.o)
__malloc_sbrk_base                                c:/dev/arm/toolchains/gcc-arm-none-eabi-4_9-141220/bin/../lib/gcc/arm-none-eabi/4.9.3/../../../../arm-none-eabi/lib/armv7e-m/fpu\libg.a(lib_a-mallocr.o)
                                                  c:/dev/arm/toolchains/gcc-arm-none-eabi-4_9-141220/bin/../lib/gcc/arm-none-eabi/4.9.3/../../../../arm-none-eabi/lib/armv7e-m/fpu\libg.a(lib_a-freer.o)
__malloc_top_pad                                  c:/dev/arm/toolchains/gcc-arm-none-eabi-4_9-141220/bin/../lib/gcc/arm-none-eabi/4.9.3/../../../../arm-none-eabi/lib/armv7e-m/fpu\libg.a(lib_a-mallocr.o)
                                                  c:/dev/arm/toolchains/gcc-arm-none-eabi-4_9-141220/bin/../lib/gcc/arm-none-eabi/4.9.3/../../../../arm-none-eabi/lib/armv7e-m/fpu\libg.a(lib_a-freer.o)
__malloc_trim_threshold                           c:/dev/arm/toolchains/gcc-arm-none-eabi-4_9-141220/bin/../lib/gcc/arm-none-eabi/4.9.3/../../../../arm-none-eabi/lib/armv7e-m/fpu\libg.a(lib_a-mallocr.o)
                                                  c:/dev/arm/toolchains/gcc-arm-none-eabi-4_9-141220/bin/../lib/gcc/arm-none-eabi/4.9.3/../../../../arm-none-eabi/lib/armv7e-m/fpu\libg.a(lib_a-freer.o)
__malloc_unlock                                   obj/malloc_lock.o
                                                  c:/dev/arm/toolchains/gcc-arm-none-eabi-4_9-141220/bin/../lib/gcc/arm-none-eabi/4.9.3/../../../../arm-none-eabi/lib/armv7e-m/fpu\libg.a(lib_a-mallocr.o)
                                                  c:/dev/arm/toolchains/gcc-arm-none-eabi-4_9-141220/bin/../lib/gcc/arm-none-eabi/4.9.3/../../../../arm-none-eabi/lib/armv7e-m/fpu\libg.a(lib_a-freer.o)
__preinit_array_end                               c:/dev/arm/toolchains/gcc-arm-none-eabi-4_9-141220/bin/../lib/gcc/arm-none-eabi/4.9.3/../../../../arm-none-eabi/lib/armv7e-m/fpu\libg.a(lib_a-init.o)
__preinit_array_start                             c:/dev/arm/toolchains/gcc-arm-none-eabi-4_9-141220/bin/../lib/gcc/arm-none-eabi/4.9.3/../../../../arm-none-eabi/lib/armv7e-m/fpu\libg.a(lib_a-init.o)
__ram_end                                         obj/startup.o
__ram_start                                       obj/startup.o
__register_frame_info                             c:/dev/arm/toolchains/gcc-arm-none-eabi-4_9-141220/bin/../lib/gcc/arm-none-eabi/4.9.3/armv7e-m/fpu/crtbegin.o
__sf_fake_stderr                                  c:/dev/arm/toolchains/gcc-arm-none-eabi-4_9-141220/bin/../lib/gcc/arm-none-eabi/4.9.3/../../../../arm-none-eabi/lib/armv7e-m/fpu\libg.a(lib_a-impure.o)
__sf_fake_stdin                                   c:/dev/arm/toolchains/gcc-arm-none-eabi-4_9-141220/bin/../lib/gcc/arm-none-eabi/4.9.3/../../../../arm-none-eabi/lib/armv7e-m/fpu\libg.a(lib_a-impure.o)
__sf_fake_stdout                                  c:/dev/arm/toolchains/gcc-arm-none-eabi-4_9-141220/bin/../lib/gcc/arm-none-eabi/4.9.3/../../../../arm-none-eabi/lib/armv7e-m/fpu\libg.a(lib_a-impure.o)
__stack                                           c:/dev/arm/toolchains/gcc-arm-none-eabi-4_9-141220/bin/../lib/gcc/arm-none-eabi/4.9.3/../../../../arm-none-eabi/lib/armv7e-m/fpu/crt0.o
_close_r                                          obj/syscalls.o
_execve_r                                         obj/syscalls.o
_exit                                             obj/syscalls.o
                                                  c:/dev/arm/toolchains/gcc-arm-none-eabi-4_9-141220/bin/../lib/gcc/arm-none-eabi/4.9.3/../../../../arm-none-eabi/lib/armv7e-m/fpu\libg.a(lib_a-exit.o)
_fini                                             c:/dev/arm/toolchains/gcc-arm-none-eabi-4_9-141220/bin/../lib/gcc/arm-none-eabi/4.9.3/armv7e-m/fpu/crti.o
_fork_r                                           obj/syscalls.o
_free_r                                           c:/dev/arm/toolchains/gcc-arm-none-eabi-4_9-141220/bin/../lib/gcc/arm-none-eabi/4.9.3/../../../../arm-none-eabi/lib/armv7e-m/fpu\libg.a(lib_a-freer.o)
                                                  c:/dev/arm/toolchains/gcc-arm-none-eabi-4_9-141220/bin/../lib/gcc/arm-none-eabi/4.9.3/../../../../arm-none-eabi/lib/armv7e-m/fpu\libg.a(lib_a-mallocr.o)
                                                  c:/dev/arm/toolchains/gcc-arm-none-eabi-4_9-141220/bin/../lib/gcc/arm-none-eabi/4.9.3/../../../../arm-none-eabi/lib/armv7e-m/fpu\libg.a(lib_a-reent.o)
_fstat_r                                          obj/syscalls.o
_getpid_r                                         obj/syscalls.o
_global_atexit                                    c:/dev/arm/toolchains/gcc-arm-none-eabi-4_9-141220/bin/../lib/gcc/arm-none-eabi/4.9.3/../../../../arm-none-eabi/lib/armv7e-m/fpu\libg.a(lib_a-__call_atexit.o)
_global_impure_ptr                                c:/dev/arm/toolchains/gcc-arm-none-eabi-4_9-141220/bin/../lib/gcc/arm-none-eabi/4.9.3/../../../../arm-none-eabi/lib/armv7e-m/fpu\libg.a(lib_a-impure.o)
                                                  c:/dev/arm/toolchains/gcc-arm-none-eabi-4_9-141220/bin/../lib/gcc/arm-none-eabi/4.9.3/../../../../arm-none-eabi/lib/armv7e-m/fpu\libg.a(lib_a-exit.o)
_impure_ptr                                       c:/dev/arm/toolchains/gcc-arm-none-eabi-4_9-141220/bin/../lib/gcc/arm-none-eabi/4.9.3/../../../../arm-none-eabi/lib/armv7e-m/fpu\libg.a(lib_a-impure.o)
                                                  c:/dev/arm/toolchains/gcc-arm-none-eabi-4_9-141220/bin/../lib/gcc/arm-none-eabi/4.9.3/../../../../arm-none-eabi/lib/armv7e-m/fpu\libg.a(lib_a-reent.o)
_init                                             c:/dev/arm/toolchains/gcc-arm-none-eabi-4_9-141220/bin/../lib/gcc/arm-none-eabi/4.9.3/armv7e-m/fpu/crti.o
                                                  c:/dev/arm/toolchains/gcc-arm-none-eabi-4_9-141220/bin/../lib/gcc/arm-none-eabi/4.9.3/../../../../arm-none-eabi/lib/armv7e-m/fpu\libg.a(lib_a-init.o)
_isatty_r                                         obj/syscalls.o
_kill_r                                           obj/syscalls.o
_link_r                                           obj/syscalls.o
_lseek_r                                          obj/syscalls.o
_mainCRTStartup                                   c:/dev/arm/toolchains/gcc-arm-none-eabi-4_9-141220/bin/../lib/gcc/arm-none-eabi/4.9.3/../../../../arm-none-eabi/lib/armv7e-m/fpu/crt0.o
_malloc_r                                         c:/dev/arm/toolchains/gcc-arm-none-eabi-4_9-141220/bin/../lib/gcc/arm-none-eabi/4.9.3/../../../../arm-none-eabi/lib/armv7e-m/fpu\libg.a(lib_a-mallocr.o)
_malloc_trim_r                                    c:/dev/arm/toolchains/gcc-arm-none-eabi-4_9-141220/bin/../lib/gcc/arm-none-eabi/4.9.3/../../../../arm-none-eabi/lib/armv7e-m/fpu\libg.a(lib_a-freer.o)
_open_r                                           obj/syscalls.o
_read_r                                           obj/syscalls.o
_reclaim_reent                                    c:/dev/arm/toolchains/gcc-arm-none-eabi-4_9-141220/bin/../lib/gcc/arm-none-eabi/4.9.3/../../../../arm-none-eabi/lib/armv7e-m/fpu\libg.a(lib_a-reent.o)
_sbrk_r                                           obj/syscalls.o
                                                  c:/dev/arm/toolchains/gcc-arm-none-eabi-4_9-141220/bin/../lib/gcc/arm-none-eabi/4.9.3/../../../../arm-none-eabi/lib/armv7e-m/fpu\libg.a(lib_a-mallocr.o)
                                                  c:/dev/arm/toolchains/gcc-arm-none-eabi-4_9-141220/bin/../lib/gcc/arm-none-eabi/4.9.3/../../../../arm-none-eabi/lib/armv7e-m/fpu\libg.a(lib_a-freer.o)
_start                                            c:/dev/arm/toolchains/gcc-arm-none-eabi-4_9-141220/bin/../lib/gcc/arm-none-eabi/4.9.3/../../../../arm-none-eabi/lib/armv7e-m/fpu/crt0.o
_stat_r                                           obj/syscalls.o
_times_r                                          obj/syscalls.o
_unlink_r                                         obj/syscalls.o
_wait_r                                           obj/syscalls.o
_write_r                                          obj/syscalls.o
atexit                                            c:/dev/arm/toolchains/gcc-arm-none-eabi-4_9-141220/bin/../lib/gcc/arm-none-eabi/4.9.3/../../../../arm-none-eabi/lib/armv7e-m/fpu/crt0.o
cleanup_glue                                      c:/dev/arm/toolchains/gcc-arm-none-eabi-4_9-141220/bin/../lib/gcc/arm-none-eabi/4.9.3/../../../../arm-none-eabi/lib/armv7e-m/fpu\libg.a(lib_a-reent.o)
core_init                                         obj/core_init.o
                                                  obj/main.o
environ                                           obj/syscalls.o
environ_initial                                   obj/syscalls.o
errno                                             c:/dev/arm/toolchains/gcc-arm-none-eabi-4_9-141220/bin/../lib/gcc/arm-none-eabi/4.9.3/../../../../arm-none-eabi/lib/armv7e-m/fpu\libg.a(lib_a-reent.o)
                                                  obj/syscalls.o
exit                                              c:/dev/arm/toolchains/gcc-arm-none-eabi-4_9-141220/bin/../lib/gcc/arm-none-eabi/4.9.3/../../../../arm-none-eabi/lib/armv7e-m/fpu\libg.a(lib_a-exit.o)
                                                  c:/dev/arm/toolchains/gcc-arm-none-eabi-4_9-141220/bin/../lib/gcc/arm-none-eabi/4.9.3/../../../../arm-none-eabi/lib/armv7e-m/fpu/crt0.o
gpio_af_config                                    obj/gpio_f4.o
                                                  obj/main.o
                                                  obj/usart.o
                                                  obj/i2c_master.o
gpio_mode_config                                  obj/gpio_f4.o
                                                  obj/main.o
                                                  obj/usart.o
                                                  obj/i2c_master.o
gpio_pupd_config                                  obj/gpio_f4.o
gpio_speed_config                                 obj/gpio_f4.o
                                                  obj/main.o
hardware_init_hook                                c:/dev/arm/toolchains/gcc-arm-none-eabi-4_9-141220/bin/../lib/gcc/arm-none-eabi/4.9.3/../../../../arm-none-eabi/lib/armv7e-m/fpu/crt0.o
hmc5883l_init                                     obj/hmc5883l.o
hmc5883l_set_data_rate                            obj/hmc5883l.o
hmc5883l_set_mode                                 obj/hmc5883l.o
hmc5883l_set_range                                obj/hmc5883l.o
hmc5883l_set_samples                              obj/hmc5883l.o
hmc5883l_write_register                           obj/hmc5883l.o
i2c_master_init                                   obj/i2c_master.o
i2c_master_read                                   obj/i2c_master.o
                                                  obj/hmc5883l.o
i2c_master_write                                  obj/i2c_master.o
                                                  obj/hmc5883l.o
lcd_task                                          obj/main.o
low_level_init_0                                  obj/startup.o
low_level_init_1                                  obj/startup.o
main                                              obj/main.o
                                                  obj/startup.o
                                                  c:/dev/arm/toolchains/gcc-arm-none-eabi-4_9-141220/bin/../lib/gcc/arm-none-eabi/4.9.3/../../../../arm-none-eabi/lib/armv7e-m/fpu/crt0.o
memcmp                                            c:/dev/arm/toolchains/gcc-arm-none-eabi-4_9-141220/bin/../lib/gcc/arm-none-eabi/4.9.3/../../../../arm-none-eabi/lib/armv7e-m/fpu\libg.a(lib_a-memcmp.o)
                                                  obj/tasks.o
memcpy                                            c:/dev/arm/toolchains/gcc-arm-none-eabi-4_9-141220/bin/../lib/gcc/arm-none-eabi/4.9.3/../../../../arm-none-eabi/lib/armv7e-m/fpu\libg.a(lib_a-memcpy.o)
                                                  obj/queue.o
memset                                            c:/dev/arm/toolchains/gcc-arm-none-eabi-4_9-141220/bin/../lib/gcc/arm-none-eabi/4.9.3/../../../../arm-none-eabi/lib/armv7e-m/fpu\libg.a(lib_a-memset.o)
                                                  obj/tasks.o
                                                  c:/dev/arm/toolchains/gcc-arm-none-eabi-4_9-141220/bin/../lib/gcc/arm-none-eabi/4.9.3/../../../../arm-none-eabi/lib/armv7e-m/fpu/crt0.o
mg_factor                                         obj/hmc5883l.o
mg_factors                                        obj/hmc5883l.o
pvPortMalloc                                      obj/heap_4.o
                                                  obj/tasks.o
                                                  obj/queue.o
                                                  obj/croutine.o
pxCurrentCoRoutine                                obj/croutine.o
pxCurrentTCB                                      obj/tasks.o
                                                  obj/port.o
pxPortInitialiseStack                             obj/port.o
                                                  obj/tasks.o
readRegister8                                     obj/hmc5883l.o
software_init_hook                                c:/dev/arm/toolchains/gcc-arm-none-eabi-4_9-141220/bin/../lib/gcc/arm-none-eabi/4.9.3/../../../../arm-none-eabi/lib/armv7e-m/fpu/crt0.o
spi_init                                          obj/main.o
ulPortSetInterruptMask                            obj/port.o
                                                  obj/tasks.o
                                                  obj/queue.o
                                                  obj/heap_4.o
                                                  obj/croutine.o
usart_init                                        obj/usart.o
                                                  obj/main.o
usart_send_buf                                    obj/usart.o
uxListRemove                                      obj/list.o
                                                  obj/tasks.o
                                                  obj/croutine.o
uxQueueMessagesWaiting                            obj/queue.o
uxQueueMessagesWaitingFromISR                     obj/queue.o
uxTaskGetNumberOfTasks                            obj/tasks.o
vApplicationIdleHook                              obj/hooks.o
                                                  obj/tasks.o
vApplicationMallocFailedHook                      obj/hooks.o
                                                  obj/heap_4.o
vApplicationStackOverflowHook                     obj/hooks.o
                                                  obj/tasks.o
vCoRoutineAddToDelayedList                        obj/croutine.o
vCoRoutineSchedule                                obj/croutine.o
vListInitialise                                   obj/list.o
                                                  obj/tasks.o
                                                  obj/queue.o
                                                  obj/croutine.o
vListInitialiseItem                               obj/list.o
                                                  obj/tasks.o
                                                  obj/croutine.o
vListInsert                                       obj/list.o
                                                  obj/tasks.o
                                                  obj/croutine.o
vListInsertEnd                                    obj/list.o
                                                  obj/tasks.o
                                                  obj/croutine.o
vPortClearInterruptMask                           obj/port.o
                                                  obj/tasks.o
                                                  obj/queue.o
                                                  obj/croutine.o
vPortEndScheduler                                 obj/port.o
                                                  obj/tasks.o
vPortEnterCritical                                obj/port.o
                                                  obj/tasks.o
                                                  obj/queue.o
                                                  obj/malloc_lock.o
vPortExitCritical                                 obj/port.o
                                                  obj/tasks.o
                                                  obj/queue.o
                                                  obj/malloc_lock.o
vPortFree                                         obj/heap_4.o
                                                  obj/tasks.o
                                                  obj/queue.o
vPortInitialiseBlocks                             obj/heap_4.o
vPortSetupTimerInterrupt                          obj/port.o
vPortValidateInterruptPriority                    obj/port.o
                                                  obj/tasks.o
                                                  obj/queue.o
vPortYield                                        obj/port.o
                                                  obj/tasks.o
                                                  obj/queue.o
vQueueDelete                                      obj/queue.o
vTaskDelay                                        obj/tasks.o
vTaskDelayUntil                                   obj/tasks.o
vTaskDelete                                       obj/tasks.o
vTaskEndScheduler                                 obj/tasks.o
vTaskMissedYield                                  obj/tasks.o
                                                  obj/queue.o
vTaskPlaceOnEventList                             obj/tasks.o
                                                  obj/queue.o
vTaskPriorityDisinherit                           obj/tasks.o
                                                  obj/queue.o
vTaskPriorityInherit                              obj/tasks.o
                                                  obj/queue.o
vTaskPrioritySet                                  obj/tasks.o
vTaskResume                                       obj/tasks.o
vTaskSetTimeOutState                              obj/tasks.o
                                                  obj/queue.o
vTaskStartScheduler                               obj/tasks.o
                                                  obj/main.o