
Discarded input sections

 .data          0x0000000000000000        0x0 bin/startup.o
 .bss           0x0000000000000000        0x0 bin/startup.o
 .group         0x0000000000000000        0x8 bin/config.o
 .group         0x0000000000000000        0x8 bin/config.o
 .group         0x0000000000000000        0x8 bin/config.o
 .group         0x0000000000000000        0x8 bin/config.o
 .group         0x0000000000000000        0x8 bin/config.o
 .group         0x0000000000000000        0x8 bin/config.o
 .group         0x0000000000000000        0x8 bin/config.o
 .group         0x0000000000000000        0x8 bin/config.o
 .group         0x0000000000000000        0x8 bin/config.o
 .group         0x0000000000000000        0x8 bin/config.o
 .group         0x0000000000000000        0x8 bin/config.o
 .group         0x0000000000000000        0x8 bin/config.o
 .group         0x0000000000000000        0x8 bin/config.o
 .text          0x0000000000000000        0x0 bin/config.o
 .data          0x0000000000000000        0x0 bin/config.o
 .bss           0x0000000000000000        0x0 bin/config.o
 .group         0x0000000000000000        0x8 bin/delay.o
 .group         0x0000000000000000        0x8 bin/delay.o
 .group         0x0000000000000000        0x8 bin/delay.o
 .group         0x0000000000000000        0x8 bin/delay.o
 .group         0x0000000000000000        0x8 bin/delay.o
 .group         0x0000000000000000        0x8 bin/delay.o
 .group         0x0000000000000000        0x8 bin/delay.o
 .group         0x0000000000000000        0x8 bin/delay.o
 .group         0x0000000000000000        0x8 bin/delay.o
 .group         0x0000000000000000        0x8 bin/delay.o
 .text          0x0000000000000000        0x0 bin/delay.o
 .data          0x0000000000000000        0x0 bin/delay.o
 .bss           0x0000000000000000        0x0 bin/delay.o
 .debug_macro   0x0000000000000000      0x862 bin/delay.o
 .debug_macro   0x0000000000000000       0x5d bin/delay.o
 .debug_macro   0x0000000000000000       0x35 bin/delay.o
 .debug_macro   0x0000000000000000       0x16 bin/delay.o
 .debug_macro   0x0000000000000000       0x44 bin/delay.o
 .debug_macro   0x0000000000000000      0x209 bin/delay.o
 .debug_macro   0x0000000000000000       0x18 bin/delay.o
 .debug_macro   0x0000000000000000       0x42 bin/delay.o
 .debug_macro   0x0000000000000000      0x8cb bin/delay.o
 .debug_macro   0x0000000000000000     0x8088 bin/delay.o
 .group         0x0000000000000000        0x8 bin/gpio.o
 .group         0x0000000000000000        0x8 bin/gpio.o
 .group         0x0000000000000000        0x8 bin/gpio.o
 .group         0x0000000000000000        0x8 bin/gpio.o
 .group         0x0000000000000000        0x8 bin/gpio.o
 .group         0x0000000000000000        0x8 bin/gpio.o
 .group         0x0000000000000000        0x8 bin/gpio.o
 .group         0x0000000000000000        0x8 bin/gpio.o
 .group         0x0000000000000000        0x8 bin/gpio.o
 .group         0x0000000000000000        0x8 bin/gpio.o
 .group         0x0000000000000000        0x8 bin/gpio.o
 .text          0x0000000000000000        0x0 bin/gpio.o
 .data          0x0000000000000000        0x0 bin/gpio.o
 .bss           0x0000000000000000        0x0 bin/gpio.o
 .debug_macro   0x0000000000000000      0x862 bin/gpio.o
 .debug_macro   0x0000000000000000       0x16 bin/gpio.o
 .debug_macro   0x0000000000000000       0x44 bin/gpio.o
 .debug_macro   0x0000000000000000      0x209 bin/gpio.o
 .debug_macro   0x0000000000000000       0x5d bin/gpio.o
 .debug_macro   0x0000000000000000       0x35 bin/gpio.o
 .debug_macro   0x0000000000000000       0x18 bin/gpio.o
 .debug_macro   0x0000000000000000       0x42 bin/gpio.o
 .debug_macro   0x0000000000000000      0x8cb bin/gpio.o
 .debug_macro   0x0000000000000000     0x8088 bin/gpio.o
 .group         0x0000000000000000        0x8 bin/main.o
 .group         0x0000000000000000        0x8 bin/main.o
 .group         0x0000000000000000        0x8 bin/main.o
 .group         0x0000000000000000        0x8 bin/main.o
 .group         0x0000000000000000        0x8 bin/main.o
 .group         0x0000000000000000        0x8 bin/main.o
 .group         0x0000000000000000        0x8 bin/main.o
 .group         0x0000000000000000        0x8 bin/main.o
 .group         0x0000000000000000        0x8 bin/main.o
 .group         0x0000000000000000        0x8 bin/main.o
 .group         0x0000000000000000        0x8 bin/main.o
 .group         0x0000000000000000        0x8 bin/main.o
 .text          0x0000000000000000        0x0 bin/main.o
 .data          0x0000000000000000        0x0 bin/main.o
 .bss           0x0000000000000000        0x0 bin/main.o
 .bss.delay_counter
                0x0000000000000000        0x4 bin/main.o
 .text.spi_init
                0x0000000000000000       0x80 bin/main.o
 .text.spi_transfer
                0x0000000000000000       0x4c bin/main.o
 .text.mems_write
                0x0000000000000000       0x40 bin/main.o
 .text.mems_read
                0x0000000000000000       0x48 bin/main.o
 .text.mems_init
                0x0000000000000000       0x14 bin/main.o
 .text.mems_read_axis
                0x0000000000000000       0x38 bin/main.o
 .debug_macro   0x0000000000000000      0x862 bin/main.o
 .debug_macro   0x0000000000000000       0x16 bin/main.o
 .debug_macro   0x0000000000000000       0x44 bin/main.o
 .debug_macro   0x0000000000000000      0x209 bin/main.o
 .debug_macro   0x0000000000000000       0x5d bin/main.o
 .debug_macro   0x0000000000000000       0x35 bin/main.o
 .debug_macro   0x0000000000000000       0x18 bin/main.o
 .debug_macro   0x0000000000000000       0x42 bin/main.o
 .debug_macro   0x0000000000000000      0x8cb bin/main.o
 .debug_macro   0x0000000000000000     0x8088 bin/main.o
 .debug_macro   0x0000000000000000      0xbea bin/main.o
 .group         0x0000000000000000        0x8 bin/onewire.o
 .group         0x0000000000000000        0x8 bin/onewire.o
 .group         0x0000000000000000        0x8 bin/onewire.o
 .group         0x0000000000000000        0x8 bin/onewire.o
 .group         0x0000000000000000        0x8 bin/onewire.o
 .group         0x0000000000000000        0x8 bin/onewire.o
 .group         0x0000000000000000        0x8 bin/onewire.o
 .group         0x0000000000000000        0x8 bin/onewire.o
 .group         0x0000000000000000        0x8 bin/onewire.o
 .group         0x0000000000000000        0x8 bin/onewire.o
 .group         0x0000000000000000        0x8 bin/onewire.o
 .text          0x0000000000000000        0x0 bin/onewire.o
 .data          0x0000000000000000        0x0 bin/onewire.o
 .bss           0x0000000000000000        0x0 bin/onewire.o
 .bss.delay_counter
                0x0000000000000000        0x4 bin/onewire.o
 .text.OW_Out   0x0000000000000000       0x24 bin/onewire.o
 .text.OW_In    0x0000000000000000       0x20 bin/onewire.o
 .text.OW_Set   0x0000000000000000       0x2c bin/onewire.o
 .text.OW_Clear
                0x0000000000000000       0x2c bin/onewire.o
 .text.OW_IsSet
                0x0000000000000000       0x28 bin/onewire.o
 .text.OW_Delay
                0x0000000000000000       0x18 bin/onewire.o
 .text.OW_Init  0x0000000000000000       0x74 bin/onewire.o
 .text.OW_Write0
                0x0000000000000000       0x2c bin/onewire.o
 .text.OW_Write1
                0x0000000000000000       0x2c bin/onewire.o
 .text.OW_WriteByte
                0x0000000000000000       0x48 bin/onewire.o
 .text.OW_ReadByte
                0x0000000000000000       0x74 bin/onewire.o
 .debug_macro   0x0000000000000000      0x862 bin/onewire.o
 .debug_macro   0x0000000000000000       0x5d bin/onewire.o
 .debug_macro   0x0000000000000000       0x35 bin/onewire.o
 .debug_macro   0x0000000000000000       0x16 bin/onewire.o
 .debug_macro   0x0000000000000000       0x44 bin/onewire.o
 .debug_macro   0x0000000000000000      0x209 bin/onewire.o
 .debug_macro   0x0000000000000000       0x18 bin/onewire.o
 .debug_macro   0x0000000000000000       0x42 bin/onewire.o
 .debug_macro   0x0000000000000000      0x8cb bin/onewire.o
 .debug_macro   0x0000000000000000     0x8088 bin/onewire.o
 .debug_macro   0x0000000000000000      0xbea bin/onewire.o
 .group         0x0000000000000000        0x8 bin/queue.o
 .group         0x0000000000000000        0x8 bin/queue.o
 .group         0x0000000000000000        0x8 bin/queue.o
 .group         0x0000000000000000        0x8 bin/queue.o
 .text          0x0000000000000000        0x0 bin/queue.o
 .data          0x0000000000000000        0x0 bin/queue.o
 .bss           0x0000000000000000        0x0 bin/queue.o
 .text.queueInit
                0x0000000000000000       0x20 bin/queue.o
 .text.queueIsEmpty
                0x0000000000000000       0x2c bin/queue.o
 .text.queueIsFull
                0x0000000000000000       0x30 bin/queue.o
 .text.queueAdd
                0x0000000000000000       0x44 bin/queue.o
 .text.queueDelete
                0x0000000000000000       0x3c bin/queue.o
 .debug_macro   0x0000000000000000      0x862 bin/queue.o
 .debug_macro   0x0000000000000000       0x16 bin/queue.o
 .debug_macro   0x0000000000000000       0x44 bin/queue.o
 .debug_macro   0x0000000000000000      0x209 bin/queue.o
 .group         0x0000000000000000        0x8 bin/serial.o
 .group         0x0000000000000000        0x8 bin/serial.o
 .group         0x0000000000000000        0x8 bin/serial.o
 .group         0x0000000000000000        0x8 bin/serial.o
 .group         0x0000000000000000        0x8 bin/serial.o
 .group         0x0000000000000000        0x8 bin/serial.o
 .group         0x0000000000000000        0x8 bin/serial.o
 .group         0x0000000000000000        0x8 bin/serial.o
 .group         0x0000000000000000        0x8 bin/serial.o
 .group         0x0000000000000000        0x8 bin/serial.o
 .group         0x0000000000000000        0x8 bin/serial.o
 .group         0x0000000000000000        0x8 bin/serial.o
 .text          0x0000000000000000        0x0 bin/serial.o
 .data          0x0000000000000000        0x0 bin/serial.o
 .bss           0x0000000000000000        0x0 bin/serial.o
 .bss.delay_counter
                0x0000000000000000        0x4 bin/serial.o
 .text.Serial_SendBuffer
                0x0000000000000000       0x50 bin/serial.o
 .text.Serial_Getc
                0x0000000000000000       0x58 bin/serial.o
 .debug_macro   0x0000000000000000      0x862 bin/serial.o
 .debug_macro   0x0000000000000000       0x16 bin/serial.o
 .debug_macro   0x0000000000000000       0x44 bin/serial.o
 .debug_macro   0x0000000000000000      0x209 bin/serial.o
 .debug_macro   0x0000000000000000       0x5d bin/serial.o
 .debug_macro   0x0000000000000000       0x35 bin/serial.o
 .debug_macro   0x0000000000000000       0x18 bin/serial.o
 .debug_macro   0x0000000000000000       0x42 bin/serial.o
 .debug_macro   0x0000000000000000      0x8cb bin/serial.o
 .debug_macro   0x0000000000000000     0x8088 bin/serial.o
 .debug_macro   0x0000000000000000       0x16 bin/serial.o
 .debug_macro   0x0000000000000000      0xbea bin/serial.o
 .group         0x0000000000000000        0x8 bin/vectors.o
 .text          0x0000000000000000        0x0 bin/vectors.o
 .data          0x0000000000000000        0x0 bin/vectors.o
 .bss           0x0000000000000000        0x0 bin/vectors.o
 .debug_macro   0x0000000000000000      0x862 bin/vectors.o

Memory Configuration

Name             Origin             Length             Attributes
rom              0x0000000008000000 0x0000000000100000 xr
ram              0x0000000020000000 0x000000000001c000 xrw
aux_ram          0x000000002001c000 0x0000000000004000 xrw
ccm_ram          0x0000000010000000 0x0000000000010000 rw
bkp_ram          0x0000000040024000 0x0000000000001000 xrw
*default*        0x0000000000000000 0xffffffffffffffff

Linker script and memory map

LOAD bin/startup.o
LOAD bin/config.o
LOAD bin/delay.o
LOAD bin/gpio.o
LOAD bin/main.o
LOAD bin/onewire.o
LOAD bin/queue.o
LOAD bin/serial.o
LOAD bin/vectors.o
                0x0000000000000200                __main_stack_size = 0x200
                0x0000000000000400                __process_stack_size = 0x400
                [0x0000000000000200]                PROVIDE (__main_stack_size, __main_stack_size)
                [0x0000000000000400]                PROVIDE (__process_stack_size, __process_stack_size)
                0x0000000008000000                __rom_start = ORIGIN (rom)
                0x0000000000100000                __rom_size = 0x100000
                0x0000000008100000                __rom_end = (__rom_start + __rom_size)
                0x0000000020000000                __ram_start = ORIGIN (ram)
                0x000000000001c000                __ram_size = 0x1c000
                0x000000002001c000                __ram_end = (__ram_start + __ram_size)
                0x000000002001c000                __aux_ram_start = ORIGIN (aux_ram)
                0x0000000000004000                __aux_ram_size = 0x4000
                0x0000000020020000                __aux_ram_end = (__aux_ram_start + __aux_ram_size)
                0x0000000010000000                __ccm_ram_start = ORIGIN (ccm_ram)
                0x0000000000010000                __ccm_ram_size = 0x10000
                0x0000000010010000                __ccm_ram_end = (__ccm_ram_start + __ccm_ram_size)
                0x0000000040024000                __bkp_ram_start = ORIGIN (bkp_ram)
                0x0000000000001000                __bkp_ram_size = 0x1000
                0x0000000040025000                __bkp_ram_end = (__bkp_ram_start + __bkp_ram_size)
                [0x0000000008000000]                PROVIDE (__rom_start, __rom_start)
                [0x0000000000100000]                PROVIDE (__rom_size, __rom_size)
                [0x0000000008100000]                PROVIDE (__rom_end, __rom_end)
                [0x0000000020000000]                PROVIDE (__ram_start, __ram_start)
                [0x000000000001c000]                PROVIDE (__ram_size, __ram_size)
                [0x000000002001c000]                PROVIDE (__ram_end, __ram_end)
                [0x000000002001c000]                PROVIDE (__aux_ram_start, __aux_ram_start)
                [0x0000000000004000]                PROVIDE (__aux_ram_size, __aux_ram_size)
                [0x0000000020020000]                PROVIDE (__aux_ram_end, __aux_ram_end)
                [0x0000000010000000]                PROVIDE (__ccm_ram_start, __ccm_ram_start)
                [0x0000000000010000]                PROVIDE (__ccm_ram_size, __ccm_ram_size)
                [0x0000000010010000]                PROVIDE (__ccm_ram_end, __ccm_ram_end)
                [0x0000000040024000]                PROVIDE (__bkp_ram_start, __bkp_ram_start)
                [0x0000000000001000]                PROVIDE (__bkp_ram_size, __bkp_ram_size)
                [0x0000000040025000]                PROVIDE (__bkp_ram_end, __bkp_ram_end)

.text           0x0000000008000000      0xc54
                0x0000000008000000                . = ALIGN (0x4)
                0x0000000008000000                __text_start = .
                [0x0000000008000000]                PROVIDE (__text_start, __text_start)
                0x0000000008000000                . = ALIGN (0x4)
 *(.vectors)
 .vectors       0x0000000008000000      0x188 bin/vectors.o
                0x0000000008000000                vectors
                0x0000000008000188                . = ALIGN (0x4)
 *(.text .text.* .gnu.linkonce.t.*)
 .text          0x0000000008000188       0x68 bin/startup.o
                0x0000000008000188                Reset_Handler
                0x00000000080001ca                low_level_init_1
                0x00000000080001ca                low_level_init_0
                0x00000000080001ca                __default_low_level_init
 .text.PLL_Start
                0x00000000080001f0      0x148 bin/config.o
                0x00000000080001f0                PLL_Start
 .text.FPU_Enable
                0x0000000008000338       0x20 bin/config.o
                0x0000000008000338                FPU_Enable
 .text.Flash_SetLatency
                0x0000000008000358       0x4c bin/config.o
                0x0000000008000358                Flash_SetLatency
 .text.NVIC_SetPriority
                0x00000000080003a4       0x54 bin/delay.o
 .text.SysTick_Config
                0x00000000080003f8       0x44 bin/delay.o
 .text.delay_us
                0x000000000800043c       0x28 bin/delay.o
                0x000000000800043c                delay_us
 .text.delay_ms
                0x0000000008000464       0x2c bin/delay.o
                0x0000000008000464                delay_ms
 .text.Delay_Config
                0x0000000008000490       0x24 bin/delay.o
                0x0000000008000490                Delay_Config
 .text.SysTick_Handler
                0x00000000080004b4       0x24 bin/delay.o
                0x00000000080004b4                SysTick_Handler
 .text.GPIO_InitAll
                0x00000000080004d8       0x20 bin/gpio.o
                0x00000000080004d8                GPIO_InitAll
 .text.GPIO_ConfigPin
                0x00000000080004f8      0x138 bin/gpio.o
                0x00000000080004f8                GPIO_ConfigPin
 .text.itoa     0x0000000008000630       0xdc bin/main.o
                0x0000000008000630                itoa
 .text.i2c_init
                0x000000000800070c       0x7c bin/main.o
                0x000000000800070c                i2c_init
 .text.I2C_WRITE_REG
                0x0000000008000788       0xa8 bin/main.o
                0x0000000008000788                I2C_WRITE_REG
 .text.I2C_READ_REG
                0x0000000008000830      0x124 bin/main.o
                0x0000000008000830                I2C_READ_REG
 .text.readtemp
                0x0000000008000954       0x30 bin/main.o
                0x0000000008000954                readtemp
 .text.main     0x0000000008000984       0x5c bin/main.o
                0x0000000008000984                main
 .text.TIM1_UP_TIM10_IRQHandler
                0x00000000080009e0       0x30 bin/main.o
                0x00000000080009e0                TIM1_UP_TIM10_IRQHandler
 .text.NVIC_EnableIRQ
                0x0000000008000a10       0x30 bin/serial.o
 .text.USART3_IRQHandler
                0x0000000008000a40       0xfc bin/serial.o
                0x0000000008000a40                USART3_IRQHandler
 .text.Serial_Init
                0x0000000008000b3c       0x74 bin/serial.o
                0x0000000008000b3c                Serial_Init
 .text.Serial_Putc
                0x0000000008000bb0       0x58 bin/serial.o
                0x0000000008000bb0                Serial_Putc
 .text.Serial_Puts
                0x0000000008000c08       0x28 bin/serial.o
                0x0000000008000c08                Serial_Puts
 .text.__Default_Handler
                0x0000000008000c30       0x10 bin/vectors.o
                0x0000000008000c30                RTC_Alarm_IRQHandler
                0x0000000008000c30                HASH_RNG_IRQHandler
                0x0000000008000c30                EXTI2_IRQHandler
                0x0000000008000c30                TIM8_CC_IRQHandler
                0x0000000008000c30                DebugMon_Handler
                0x0000000008000c30                TIM1_CC_IRQHandler
                0x0000000008000c30                DMA2_Stream5_IRQHandler
                0x0000000008000c30                HardFault_Handler
                0x0000000008000c30                DMA1_Stream5_IRQHandler
                0x0000000008000c30                PVD_IRQHandler
                0x0000000008000c30                SDIO_IRQHandler
                0x0000000008000c30                TAMP_STAMP_IRQHandler
                0x0000000008000c30                __Reserved_0x1C_Handler
                0x0000000008000c30                PendSV_Handler
                0x0000000008000c30                NMI_Handler
                0x0000000008000c30                CAN2_RX1_IRQHandler
                0x0000000008000c30                EXTI3_IRQHandler
                0x0000000008000c30                TIM8_TRG_COM_TIM14_IRQHandler
                0x0000000008000c30                TIM8_UP_TIM13_IRQHandler
                0x0000000008000c30                I2C3_ER_IRQHandler
                0x0000000008000c30                __Reserved_0x20_Handler
                0x0000000008000c30                EXTI0_IRQHandler
                0x0000000008000c30                I2C2_EV_IRQHandler
                0x0000000008000c30                DMA1_Stream2_IRQHandler
                0x0000000008000c30                CAN1_RX0_IRQHandler
                0x0000000008000c30                FPU_IRQHandler
                0x0000000008000c30                OTG_HS_WKUP_IRQHandler
                0x0000000008000c30                UsageFault_Handler
                0x0000000008000c30                CAN2_SCE_IRQHandler
                0x0000000008000c30                DMA2_Stream2_IRQHandler
                0x0000000008000c30                SPI1_IRQHandler
                0x0000000008000c30                TIM6_DAC_IRQHandler
                0x0000000008000c30                TIM1_BRK_TIM9_IRQHandler
                0x0000000008000c30                DCMI_IRQHandler
                0x0000000008000c30                CAN2_RX0_IRQHandler
                0x0000000008000c30                DMA2_Stream3_IRQHandler
                0x0000000008000c30                USART6_IRQHandler
                0x0000000008000c30                CRYP_IRQHandler
                0x0000000008000c30                CAN1_RX1_IRQHandler
                0x0000000008000c30                UART5_IRQHandler
                0x0000000008000c30                DMA2_Stream0_IRQHandler
                0x0000000008000c30                TIM4_IRQHandler
                0x0000000008000c30                __Reserved_0x34_Handler
                0x0000000008000c30                I2C1_EV_IRQHandler
                0x0000000008000c30                DMA1_Stream6_IRQHandler
                0x0000000008000c30                DMA1_Stream1_IRQHandler
                0x0000000008000c30                UART4_IRQHandler
                0x0000000008000c30                TIM3_IRQHandler
                0x0000000008000c30                RCC_IRQHandler
                0x0000000008000c30                TIM8_BRK_TIM12_IRQHandler
                0x0000000008000c30                EXTI15_10_IRQHandler
                0x0000000008000c30                ADC_IRQHandler
                0x0000000008000c30                DMA1_Stream7_IRQHandler
                0x0000000008000c30                TIM7_IRQHandler
                0x0000000008000c30                CAN2_TX_IRQHandler
                0x0000000008000c30                TIM5_IRQHandler
                0x0000000008000c30                DMA2_Stream7_IRQHandler
                0x0000000008000c30                I2C3_EV_IRQHandler
                0x0000000008000c30                __Reserved_0x28_Handler
                0x0000000008000c30                EXTI9_5_IRQHandler
                0x0000000008000c30                RTC_WKUP_IRQHandler
                0x0000000008000c30                ETH_WKUP_IRQHandler
                0x0000000008000c30                SPI2_IRQHandler
                0x0000000008000c30                OTG_HS_EP1_IN_IRQHandler
                0x0000000008000c30                MemManage_Handler
                0x0000000008000c30                DMA1_Stream0_IRQHandler
                0x0000000008000c30                __Reserved_0x24_Handler
                0x0000000008000c30                CAN1_TX_IRQHandler
                0x0000000008000c30                SVC_Handler
                0x0000000008000c30                EXTI4_IRQHandler
                0x0000000008000c30                FSMC_IRQHandler
                0x0000000008000c30                ETH_IRQHandler
                0x0000000008000c30                OTG_HS_EP1_OUT_IRQHandler
                0x0000000008000c30                WWDG_IRQHandler
                0x0000000008000c30                TIM2_IRQHandler
                0x0000000008000c30                OTG_FS_WKUP_IRQHandler
                0x0000000008000c30                TIM1_TRG_COM_TIM11_IRQHandler
                0x0000000008000c30                OTG_HS_IRQHandler
                0x0000000008000c30                EXTI1_IRQHandler
                0x0000000008000c30                USART2_IRQHandler
                0x0000000008000c30                I2C2_ER_IRQHandler
                0x0000000008000c30                DMA2_Stream1_IRQHandler
                0x0000000008000c30                CAN1_SCE_IRQHandler
                0x0000000008000c30                FLASH_IRQHandler
                0x0000000008000c30                DMA2_Stream4_IRQHandler
                0x0000000008000c30                BusFault_Handler
                0x0000000008000c30                USART1_IRQHandler
                0x0000000008000c30                OTG_FS_IRQHandler
                0x0000000008000c30                SPI3_IRQHandler
                0x0000000008000c30                DMA1_Stream4_IRQHandler
                0x0000000008000c30                I2C1_ER_IRQHandler
                0x0000000008000c30                DMA2_Stream6_IRQHandler
                0x0000000008000c30                DMA1_Stream3_IRQHandler
                0x0000000008000c40                . = ALIGN (0x4)
 *(.glue_7t .glue_7)
 .glue_7        0x0000000000000000        0x0 linker stubs
 .glue_7t       0x0000000000000000        0x0 linker stubs
                0x0000000008000c40                . = ALIGN (0x4)
 *(.rodata .rodata.* .gnu.linkonce.r.*)
 .rodata        0x0000000008000c40       0x14 bin/main.o
                0x0000000008000c54                . = ALIGN (0x4)
 *(.ARM.extab* .gnu.linkonce.armextab.*)
                0x0000000008000c54                . = ALIGN (0x4)
 *(.gcc_except_table)
                0x0000000008000c54                . = ALIGN (0x4)
 *(.eh_frame_hdr)
                0x0000000008000c54                . = ALIGN (0x4)
 *(.eh_frame)
                0x0000000008000c54                . = ALIGN (0x4)
 *(.init)
                0x0000000008000c54                . = ALIGN (0x4)
                0x0000000008000c54                __preinit_array_start = .
 *(.preinit_array)
                0x0000000008000c54                . = ALIGN (0x4)
                0x0000000008000c54                __preinit_array_end = .
                0x0000000008000c54                __init_array_start = .
 *(SORT(.init_array.*))
                0x0000000008000c54                . = ALIGN (0x4)
 *(.init_array)
                0x0000000008000c54                . = ALIGN (0x4)
                0x0000000008000c54                __init_array_end = .
 *(.fini)
                0x0000000008000c54                . = ALIGN (0x4)
                0x0000000008000c54                __fini_array_start = .
 *(.fini_array)
                0x0000000008000c54                . = ALIGN (0x4)
 *(SORT(.fini_array.*))
                0x0000000008000c54                . = ALIGN (0x4)
                0x0000000008000c54                __fini_array_end = .
                0x0000000008000c54                . = ALIGN (0x4)
                0x0000000008000c54                __text_end = .
                [0x0000000008000c54]                PROVIDE (__text_end, __text_end)

.vfp11_veneer   0x0000000008000c54        0x0
 .vfp11_veneer  0x0000000000000000        0x0 linker stubs

.v4_bx          0x0000000008000c54        0x0
 .v4_bx         0x0000000000000000        0x0 linker stubs

.iplt           0x0000000008000c54        0x0
 .iplt          0x0000000000000000        0x0 bin/startup.o

.rel.dyn        0x0000000008000c54        0x0
 .rel.iplt      0x0000000000000000        0x0 bin/startup.o
                0x0000000008000c54                . = ALIGN (0x4)
                0x0000000008000c54                __exidx_start = .
                [0x0000000008000c54]                PROVIDE (__exidx_start, __exidx_start)

.ARM.exidx
 *(.ARM.exidx* .gnu.linkonce.armexidx.*)
                0x0000000008000c54                . = ALIGN (0x4)
                0x0000000008000c54                __exidx_end = .
                [0x0000000008000c54]                PROVIDE (__exidx_end, __exidx_end)

.data           0x0000000020000000        0x0 load address 0x0000000008000c54
                0x0000000020000000                . = ALIGN (0x4)
                0x0000000008000c54                __data_init_start = LOADADDR (.data)
                [0x0000000008000c54]                PROVIDE (__data_init_start, __data_init_start)
                0x0000000020000000                __data_start = .
                [0x0000000020000000]                PROVIDE (__data_start, __data_start)
                0x0000000020000000                . = ALIGN (0x4)
 *(.data .data.* .gnu.linkonce.d.*)
                0x0000000020000000                . = ALIGN (0x4)
                0x0000000020000000                __data_end = .
                [0x0000000020000000]                PROVIDE (__data_end, __data_end)

.igot.plt       0x0000000020000000        0x0 load address 0x0000000008000c54
 .igot.plt      0x0000000000000000        0x0 bin/startup.o

.bss            0x0000000020000000      0x294
                0x0000000020000000                . = ALIGN (0x4)
                0x0000000020000000                __bss_start = .
                [0x0000000020000000]                PROVIDE (__bss_start, __bss_start)
                0x0000000020000000                . = ALIGN (0x4)
 *(.bss .bss.* .gnu.linkonce.b.*)
 .bss.delay_counter
                0x0000000020000000        0x4 bin/delay.o
 .bss.rxQueueData
                0x0000000020000004      0x200 bin/serial.o
 .bss.rxQueueHead
                0x0000000020000204        0x4 bin/serial.o
                0x0000000020000204                rxQueueHead
 .bss.rxQueueTail
                0x0000000020000208        0x4 bin/serial.o
                0x0000000020000208                rxQueueTail
 .bss.txQueueData
                0x000000002000020c       0x80 bin/serial.o
 .bss.txQueueHead
                0x000000002000028c        0x4 bin/serial.o
                0x000000002000028c                txQueueHead
 .bss.txQueueTail
                0x0000000020000290        0x4 bin/serial.o
                0x0000000020000290                txQueueTail
                0x0000000020000294                . = ALIGN (0x4)
 *(COMMON)
                0x0000000020000294                . = ALIGN (0x4)
                0x0000000020000294                __bss_end = .
                [0x0000000020000294]                PROVIDE (__bss_end, __bss_end)

.stack          0x0000000020000294      0x604
                0x0000000020000298                . = ALIGN (0x8)
 *fill*         0x0000000020000294        0x4 
                0x0000000020000298                __stack_start = .
                [0x0000000020000298]                PROVIDE (__stack_start, __stack_start)
                0x0000000020000298                . = ALIGN (0x8)
                0x0000000020000298                __main_stack_start = .
                [0x0000000020000298]                PROVIDE (__main_stack_start, __main_stack_start)
                0x0000000020000498                . = (. + __main_stack_size)
 *fill*         0x0000000020000298      0x200 
                0x0000000020000498                . = ALIGN (0x8)
                0x0000000020000498                __main_stack_end = .
                [0x0000000020000498]                PROVIDE (__main_stack_end, __main_stack_end)
                0x0000000020000498                . = ALIGN (0x8)
                0x0000000020000498                __process_stack_start = .
                [0x0000000020000498]                PROVIDE (__process_stack_start, __process_stack_start)
                0x0000000020000898                . = (. + __process_stack_size)
 *fill*         0x0000000020000498      0x400 
                0x0000000020000898                . = ALIGN (0x8)
                0x0000000020000898                __process_stack_end = .
                [0x0000000020000898]                PROVIDE (__process_stack_end, __process_stack_end)
                0x0000000020000898                . = ALIGN (0x8)
                0x0000000020000898                __stack_end = .
                [0x0000000020000898]                PROVIDE (__stack_end, __stack_end)
                0x0000000020000898                . = ALIGN (0x4)
                0x0000000020000898                __heap_start = .
                [0x0000000020000898]                PROVIDE (__heap_start, __heap_start)
                0x0000000020000898                . = ALIGN (0x4)
                0x000000002001c000                __heap_end = __ram_end
                [0x000000002001c000]                PROVIDE (__heap_end, __heap_end)

.stab
 *(.stab)

.stabstr
 *(.stabstr)

.debug
 *(.debug)

.line
 *(.line)

.debug_srcinfo
 *(.debug_srcinfo)

.debug_sfnames
 *(.debug_sfnames)

.debug_aranges  0x0000000000000000      0x260
 *(.debug_aranges)
 .debug_aranges
                0x0000000000000000       0x20 bin/startup.o
 .debug_aranges
                0x0000000000000020       0x30 bin/config.o
 .debug_aranges
                0x0000000000000050       0x48 bin/delay.o
 .debug_aranges
                0x0000000000000098       0x28 bin/gpio.o
 .debug_aranges
                0x00000000000000c0       0x80 bin/main.o
 .debug_aranges
                0x0000000000000140       0x70 bin/onewire.o
 .debug_aranges
                0x00000000000001b0       0x40 bin/queue.o
 .debug_aranges
                0x00000000000001f0       0x50 bin/serial.o
 .debug_aranges
                0x0000000000000240       0x20 bin/vectors.o

.debug_pubnames
 *(.debug_pubnames)

.debug_info     0x0000000000000000     0x2a6d
 *(.debug_info .gnu.linkonce.wi.*)
 .debug_info    0x0000000000000000       0x55 bin/startup.o
 .debug_info    0x0000000000000055      0x560 bin/config.o
 .debug_info    0x00000000000005b5      0x71a bin/delay.o
 .debug_info    0x0000000000000ccf      0x3c7 bin/gpio.o
 .debug_info    0x0000000000001096      0xa44 bin/main.o
 .debug_info    0x0000000000001ada      0x3e1 bin/onewire.o
 .debug_info    0x0000000000001ebb      0x1c0 bin/queue.o
 .debug_info    0x000000000000207b      0x96a bin/serial.o
 .debug_info    0x00000000000029e5       0x88 bin/vectors.o

.debug_abbrev   0x0000000000000000      0xb2f
 *(.debug_abbrev)
 .debug_abbrev  0x0000000000000000       0x14 bin/startup.o
 .debug_abbrev  0x0000000000000014      0x11e bin/config.o
 .debug_abbrev  0x0000000000000132      0x1a9 bin/delay.o
 .debug_abbrev  0x00000000000002db      0x113 bin/gpio.o
 .debug_abbrev  0x00000000000003ee      0x231 bin/main.o
 .debug_abbrev  0x000000000000061f      0x1a6 bin/onewire.o
 .debug_abbrev  0x00000000000007c5      0x102 bin/queue.o
 .debug_abbrev  0x00000000000008c7      0x1e5 bin/serial.o
 .debug_abbrev  0x0000000000000aac       0x83 bin/vectors.o

.debug_line     0x0000000000000000     0x15b3
 *(.debug_line)
 .debug_line    0x0000000000000000       0x70 bin/startup.o
 .debug_line    0x0000000000000070      0x2f5 bin/config.o
 .debug_line    0x0000000000000365      0x2cd bin/delay.o
 .debug_line    0x0000000000000632      0x272 bin/gpio.o
 .debug_line    0x00000000000008a4      0x451 bin/main.o
 .debug_line    0x0000000000000cf5      0x360 bin/onewire.o
 .debug_line    0x0000000000001055      0x201 bin/queue.o
 .debug_line    0x0000000000001256      0x31b bin/serial.o
 .debug_line    0x0000000000001571       0x42 bin/vectors.o

.debug_frame    0x0000000000000000      0x614
 *(.debug_frame)
 .debug_frame   0x0000000000000000       0x68 bin/config.o
 .debug_frame   0x0000000000000068       0xc4 bin/delay.o
 .debug_frame   0x000000000000012c       0x48 bin/gpio.o
 .debug_frame   0x0000000000000174      0x190 bin/main.o
 .debug_frame   0x0000000000000304      0x164 bin/onewire.o
 .debug_frame   0x0000000000000468       0xa4 bin/queue.o
 .debug_frame   0x000000000000050c       0xd8 bin/serial.o
 .debug_frame   0x00000000000005e4       0x30 bin/vectors.o

.debug_str      0x0000000000000000    0x6432e
 *(.debug_str)
 .debug_str     0x0000000000000000    0x53b1d bin/config.o
                                      0x53ca7 (size before relaxing)
 .debug_str     0x0000000000053b1d      0x5d8 bin/delay.o
                                      0x34129 (size before relaxing)
 .debug_str     0x00000000000540f5     0xfd3b bin/gpio.o
                                      0x438f4 (size before relaxing)
 .debug_str     0x0000000000063e30      0x28c bin/main.o
                                      0x43a70 (size before relaxing)
 .debug_str     0x00000000000640bc       0xa5 bin/onewire.o
                                      0x43740 (size before relaxing)
 .debug_str     0x0000000000064161       0x73 bin/queue.o
                                       0x2f5e (size before relaxing)
 .debug_str     0x00000000000641d4      0x121 bin/serial.o
                                      0x43e3b (size before relaxing)
 .debug_str     0x00000000000642f5       0x39 bin/vectors.o
                                       0x241d (size before relaxing)

.debug_loc
 *(.debug_loc)

.debug_macinfo
 *(.debug_macinfo)

.debug_weaknames
 *(.debug_weaknames)

.debug_funcnames
 *(.debug_funcnames)

.debug_typenames
 *(.debug_typenames)

.debug_varnames
 *(.debug_varnames)

.note.gnu.arm.ident
 *(.note.gnu.arm.ident)

.ARM.attributes
                0x0000000000000000       0x31
 *(.ARM.attributes)
 .ARM.attributes
                0x0000000000000000       0x25 bin/startup.o
 .ARM.attributes
                0x0000000000000025       0x35 bin/config.o
 .ARM.attributes
                0x000000000000005a       0x35 bin/delay.o
 .ARM.attributes
                0x000000000000008f       0x35 bin/gpio.o
 .ARM.attributes
                0x00000000000000c4       0x35 bin/main.o
 .ARM.attributes
                0x00000000000000f9       0x35 bin/onewire.o
 .ARM.attributes
                0x000000000000012e       0x35 bin/queue.o
 .ARM.attributes
                0x0000000000000163       0x35 bin/serial.o
 .ARM.attributes
                0x0000000000000198       0x35 bin/vectors.o

/DISCARD/
 *(.note.GNU-stack)
                0x0000000000000c54                PROVIDE (__text_size, (__text_end - __text_start))
                0x0000000000000000                PROVIDE (__exidx_size, (__exidx_end - __exidx_start))
                0x0000000000000000                PROVIDE (__data_size, (__data_end - __data_start))
                0x0000000000000294                PROVIDE (__bss_size, (__bss_end - __bss_start))
                0x0000000000000600                PROVIDE (__stack_size, (__stack_end - __stack_start))
                0x000000000001b768                PROVIDE (__heap_size, (__heap_end - __heap_start))
OUTPUT(bin/stm32f4.elf elf32-littlearm)

.debug_ranges   0x0000000000000000      0x1c0
 .debug_ranges  0x0000000000000000       0x20 bin/config.o
 .debug_ranges  0x0000000000000020       0x38 bin/delay.o
 .debug_ranges  0x0000000000000058       0x18 bin/gpio.o
 .debug_ranges  0x0000000000000070       0x70 bin/main.o
 .debug_ranges  0x00000000000000e0       0x60 bin/onewire.o
 .debug_ranges  0x0000000000000140       0x30 bin/queue.o
 .debug_ranges  0x0000000000000170       0x40 bin/serial.o
 .debug_ranges  0x00000000000001b0       0x10 bin/vectors.o

.debug_macro    0x0000000000000000     0xe292
 .debug_macro   0x0000000000000000       0xb1 bin/config.o
 .debug_macro   0x00000000000000b1      0x862 bin/config.o
 .debug_macro   0x0000000000000913       0x5d bin/config.o
 .debug_macro   0x0000000000000970       0x35 bin/config.o
 .debug_macro   0x00000000000009a5       0x16 bin/config.o
 .debug_macro   0x00000000000009bb       0x44 bin/config.o
 .debug_macro   0x00000000000009ff      0x209 bin/config.o
 .debug_macro   0x0000000000000c08       0x18 bin/config.o
 .debug_macro   0x0000000000000c20       0x42 bin/config.o
 .debug_macro   0x0000000000000c62      0x8cb bin/config.o
 .debug_macro   0x000000000000152d     0x8088 bin/config.o
 .debug_macro   0x00000000000095b5       0x10 bin/config.o
 .debug_macro   0x00000000000095c5       0x34 bin/config.o
 .debug_macro   0x00000000000095f9     0x3cbd bin/config.o
 .debug_macro   0x000000000000d2b6       0x94 bin/delay.o
 .debug_macro   0x000000000000d34a       0xb0 bin/gpio.o
 .debug_macro   0x000000000000d3fa      0xbea bin/gpio.o
 .debug_macro   0x000000000000dfe4       0xd3 bin/main.o
 .debug_macro   0x000000000000e0b7       0x16 bin/main.o
 .debug_macro   0x000000000000e0cd       0xa7 bin/onewire.o
 .debug_macro   0x000000000000e174       0x52 bin/queue.o
 .debug_macro   0x000000000000e1c6       0xbb bin/serial.o
 .debug_macro   0x000000000000e281       0x11 bin/vectors.o

.comment        0x0000000000000000       0x67
 .comment       0x0000000000000000       0x67 bin/config.o
                                         0x68 (size before relaxing)
 .comment       0x0000000000000000       0x68 bin/delay.o
 .comment       0x0000000000000000       0x68 bin/gpio.o
 .comment       0x0000000000000000       0x68 bin/main.o
 .comment       0x0000000000000000       0x68 bin/onewire.o
 .comment       0x0000000000000000       0x68 bin/queue.o
 .comment       0x0000000000000000       0x68 bin/serial.o
 .comment       0x0000000000000000       0x68 bin/vectors.o

Cross Reference Table

Symbol                                            File
ADC_IRQHandler                                    bin/vectors.o
BusFault_Handler                                  bin/vectors.o
CAN1_RX0_IRQHandler                               bin/vectors.o
CAN1_RX1_IRQHandler                               bin/vectors.o
CAN1_SCE_IRQHandler                               bin/vectors.o
CAN1_TX_IRQHandler                                bin/vectors.o
CAN2_RX0_IRQHandler                               bin/vectors.o
CAN2_RX1_IRQHandler                               bin/vectors.o
CAN2_SCE_IRQHandler                               bin/vectors.o
CAN2_TX_IRQHandler                                bin/vectors.o
CRYP_IRQHandler                                   bin/vectors.o
DCMI_IRQHandler                                   bin/vectors.o
DMA1_Stream0_IRQHandler                           bin/vectors.o
DMA1_Stream1_IRQHandler                           bin/vectors.o
DMA1_Stream2_IRQHandler                           bin/vectors.o
DMA1_Stream3_IRQHandler                           bin/vectors.o
DMA1_Stream4_IRQHandler                           bin/vectors.o
DMA1_Stream5_IRQHandler                           bin/vectors.o
DMA1_Stream6_IRQHandler                           bin/vectors.o
DMA1_Stream7_IRQHandler                           bin/vectors.o
DMA2_Stream0_IRQHandler                           bin/vectors.o
DMA2_Stream1_IRQHandler                           bin/vectors.o
DMA2_Stream2_IRQHandler                           bin/vectors.o
DMA2_Stream3_IRQHandler                           bin/vectors.o
DMA2_Stream4_IRQHandler                           bin/vectors.o
DMA2_Stream5_IRQHandler                           bin/vectors.o
DMA2_Stream6_IRQHandler                           bin/vectors.o
DMA2_Stream7_IRQHandler                           bin/vectors.o
DebugMon_Handler                                  bin/vectors.o
Delay_Config                                      bin/delay.o
                                                  bin/main.o
ETH_IRQHandler                                    bin/vectors.o
ETH_WKUP_IRQHandler                               bin/vectors.o
EXTI0_IRQHandler                                  bin/vectors.o
EXTI15_10_IRQHandler                              bin/vectors.o
EXTI1_IRQHandler                                  bin/vectors.o
EXTI2_IRQHandler                                  bin/vectors.o
EXTI3_IRQHandler                                  bin/vectors.o
EXTI4_IRQHandler                                  bin/vectors.o
EXTI9_5_IRQHandler                                bin/vectors.o
FLASH_IRQHandler                                  bin/vectors.o
FPU_Enable                                        bin/config.o
                                                  bin/main.o
FPU_IRQHandler                                    bin/vectors.o
FSMC_IRQHandler                                   bin/vectors.o
Flash_SetLatency                                  bin/config.o
GPIO_ConfigPin                                    bin/gpio.o
                                                  bin/serial.o
                                                  bin/main.o
GPIO_InitAll                                      bin/gpio.o
                                                  bin/main.o
HASH_RNG_IRQHandler                               bin/vectors.o
HardFault_Handler                                 bin/vectors.o
I2C1_ER_IRQHandler                                bin/vectors.o
I2C1_EV_IRQHandler                                bin/vectors.o
I2C2_ER_IRQHandler                                bin/vectors.o
I2C2_EV_IRQHandler                                bin/vectors.o
I2C3_ER_IRQHandler                                bin/vectors.o
I2C3_EV_IRQHandler                                bin/vectors.o
I2C_READ_REG                                      bin/main.o
I2C_WRITE_REG                                     bin/main.o
MemManage_Handler                                 bin/vectors.o
NMI_Handler                                       bin/vectors.o
OTG_FS_IRQHandler                                 bin/vectors.o
OTG_FS_WKUP_IRQHandler                            bin/vectors.o
OTG_HS_EP1_IN_IRQHandler                          bin/vectors.o
OTG_HS_EP1_OUT_IRQHandler                         bin/vectors.o
OTG_HS_IRQHandler                                 bin/vectors.o
OTG_HS_WKUP_IRQHandler                            bin/vectors.o
OW_Clear                                          bin/onewire.o
OW_Delay                                          bin/onewire.o
OW_In                                             bin/onewire.o
OW_Init                                           bin/onewire.o
OW_IsSet                                          bin/onewire.o
OW_Out                                            bin/onewire.o
OW_ReadByte                                       bin/onewire.o
OW_Set                                            bin/onewire.o
OW_WriteByte                                      bin/onewire.o
PLL_Start                                         bin/config.o
                                                  bin/main.o
PVD_IRQHandler                                    bin/vectors.o
PendSV_Handler                                    bin/vectors.o
RCC_IRQHandler                                    bin/vectors.o
RTC_Alarm_IRQHandler                              bin/vectors.o
RTC_WKUP_IRQHandler                               bin/vectors.o
Reset_Handler                                     bin/startup.o
                                                  bin/vectors.o
SDIO_IRQHandler                                   bin/vectors.o
SPI1_IRQHandler                                   bin/vectors.o
SPI2_IRQHandler                                   bin/vectors.o
SPI3_IRQHandler                                   bin/vectors.o
SVC_Handler                                       bin/vectors.o
Serial_Getc                                       bin/serial.o
Serial_Init                                       bin/serial.o
                                                  bin/main.o
Serial_Putc                                       bin/serial.o
Serial_Puts                                       bin/serial.o
                                                  bin/main.o
Serial_SendBuffer                                 bin/serial.o
SysTick_Handler                                   bin/delay.o
TAMP_STAMP_IRQHandler                             bin/vectors.o
TIM1_BRK_TIM9_IRQHandler                          bin/vectors.o
TIM1_CC_IRQHandler                                bin/vectors.o
TIM1_TRG_COM_TIM11_IRQHandler                     bin/vectors.o
TIM1_UP_TIM10_IRQHandler                          bin/main.o
TIM2_IRQHandler                                   bin/vectors.o
TIM3_IRQHandler                                   bin/vectors.o
TIM4_IRQHandler                                   bin/vectors.o
TIM5_IRQHandler                                   bin/vectors.o
TIM6_DAC_IRQHandler                               bin/vectors.o
TIM7_IRQHandler                                   bin/vectors.o
TIM8_BRK_TIM12_IRQHandler                         bin/vectors.o
TIM8_CC_IRQHandler                                bin/vectors.o
TIM8_TRG_COM_TIM14_IRQHandler                     bin/vectors.o
TIM8_UP_TIM13_IRQHandler                          bin/vectors.o
UART4_IRQHandler                                  bin/vectors.o
UART5_IRQHandler                                  bin/vectors.o
USART1_IRQHandler                                 bin/vectors.o
USART2_IRQHandler                                 bin/vectors.o
USART3_IRQHandler                                 bin/serial.o
USART6_IRQHandler                                 bin/vectors.o
UsageFault_Handler                                bin/vectors.o
WWDG_IRQHandler                                   bin/vectors.o
__Reserved_0x1C_Handler                           bin/vectors.o
__Reserved_0x20_Handler                           bin/vectors.o
__Reserved_0x24_Handler                           bin/vectors.o
__Reserved_0x28_Handler                           bin/vectors.o
__Reserved_0x34_Handler                           bin/vectors.o
__bss_end                                         bin/startup.o
__bss_start                                       bin/startup.o
__data_end                                        bin/startup.o
__data_init_start                                 bin/startup.o
__data_start                                      bin/startup.o
__default_low_level_init                          bin/startup.o
__main_stack_end                                  bin/vectors.o
__process_stack_end                               bin/startup.o
delay_ms                                          bin/delay.o
                                                  bin/main.o
delay_us                                          bin/delay.o
                                                  bin/onewire.o
gpio_pin_cfg                                      bin/onewire.o
i2c_init                                          bin/main.o
itoa                                              bin/main.o
low_level_init_0                                  bin/startup.o
low_level_init_1                                  bin/startup.o
main                                              bin/main.o
                                                  bin/startup.o
mems_init                                         bin/main.o
mems_read                                         bin/main.o
mems_read_axis                                    bin/main.o
mems_write                                        bin/main.o
queueAdd                                          bin/queue.o
queueDelete                                       bin/queue.o
queueInit                                         bin/queue.o
queueIsEmpty                                      bin/queue.o
queueIsFull                                       bin/queue.o
readtemp                                          bin/main.o
rxQueueHead                                       bin/serial.o
rxQueueTail                                       bin/serial.o
spi_init                                          bin/main.o
spi_transfer                                      bin/main.o
txQueueHead                                       bin/serial.o
txQueueTail                                       bin/serial.o
vectors                                           bin/vectors.o
